Archive member included to satisfy reference by file (symbol)

app/libapp.a(at_host.c.obj)   (--whole-archive)
app/libapp.a(bt_adv.c.obj)    (--whole-archive)
app/libapp.a(bt_util.c.obj)   (--whole-archive)
app/libapp.a(buttons.c.obj)   (--whole-archive)
app/libapp.a(leds.c.obj)      (--whole-archive)
app/libapp.a(main.c.obj)      (--whole-archive)
app/libapp.a(sensors.c.obj)   (--whole-archive)
app/libapp.a(storage.c.obj)   (--whole-archive)
app/libapp.a(ubx_version.c.obj)
                              (--whole-archive)
zephyr/libzephyr.a(crc32c_sw.c.obj)
                              (--whole-archive)
zephyr/libzephyr.a(crc32_sw.c.obj)
                              (--whole-archive)
zephyr/libzephyr.a(crc24_sw.c.obj)
                              (--whole-archive)
zephyr/libzephyr.a(crc16_sw.c.obj)
                              (--whole-archive)
zephyr/libzephyr.a(crc8_sw.c.obj)
                              (--whole-archive)
zephyr/libzephyr.a(crc7_sw.c.obj)
                              (--whole-archive)
zephyr/libzephyr.a(crc4_sw.c.obj)
                              (--whole-archive)
zephyr/libzephyr.a(heap.c.obj)
                              (--whole-archive)
zephyr/libzephyr.a(cbprintf_packaged.c.obj)
                              (--whole-archive)
zephyr/libzephyr.a(printk.c.obj)
                              (--whole-archive)
zephyr/libzephyr.a(sem.c.obj)
                              (--whole-archive)
zephyr/libzephyr.a(thread_entry.c.obj)
                              (--whole-archive)
zephyr/libzephyr.a(cbprintf_complete.c.obj)
                              (--whole-archive)
zephyr/libzephyr.a(assert.c.obj)
                              (--whole-archive)
zephyr/libzephyr.a(reboot.c.obj)
                              (--whole-archive)
zephyr/libzephyr.a(dec.c.obj)
                              (--whole-archive)
zephyr/libzephyr.a(hex.c.obj)
                              (--whole-archive)
zephyr/libzephyr.a(rb.c.obj)  (--whole-archive)
zephyr/libzephyr.a(timeutil.c.obj)
                              (--whole-archive)
zephyr/libzephyr.a(bitarray.c.obj)
                              (--whole-archive)
zephyr/libzephyr.a(onoff.c.obj)
                              (--whole-archive)
zephyr/libzephyr.a(notify.c.obj)
                              (--whole-archive)
zephyr/libzephyr.a(configs.c.obj)
                              (--whole-archive)
zephyr/libzephyr.a(nvs.c.obj)
                              (--whole-archive)
zephyr/libzephyr.a(mem_attr.c.obj)
                              (--whole-archive)
zephyr/libzephyr.a(device.c.obj)
                              (--whole-archive)
zephyr/libzephyr.a(device_runtime.c.obj)
                              (--whole-archive)
zephyr/libzephyr.a(flash_map.c.obj)
                              (--whole-archive)
zephyr/libzephyr.a(flash_map_default.c.obj)
                              (--whole-archive)
zephyr/libzephyr.a(flash_map_layout.c.obj)
                              (--whole-archive)
zephyr/libzephyr.a(tracing_none.c.obj)
                              (--whole-archive)
zephyr/libzephyr.a(addr_utils.c.obj)
                              (--whole-archive)
zephyr/libzephyr.a(banner.c.obj)
                              (--whole-archive)
zephyr/libzephyr.a(host_extensions.c.obj)
                              (--whole-archive)
zephyr/libzephyr.a(lis2dw12_reg.c.obj)
                              (--whole-archive)
zephyr/libzephyr.a(utils.c.obj)
                              (--whole-archive)
zephyr/libzephyr.a(aes_decrypt.c.obj)
                              (--whole-archive)
zephyr/libzephyr.a(aes_encrypt.c.obj)
                              (--whole-archive)
zephyr/libzephyr.a(cmac_mode.c.obj)
                              (--whole-archive)
zephyr/arch/common/libarch__common.a(sw_isr_common.c.obj)
                              (--whole-archive)
zephyr/arch/arch/arm/core/libarch__arm__core.a(fatal.c.obj)
                              (--whole-archive)
zephyr/arch/arch/arm/core/libarch__arm__core.a(nmi.c.obj)
                              (--whole-archive)
zephyr/arch/arch/arm/core/libarch__arm__core.a(nmi_on_reset.S.obj)
                              (--whole-archive)
zephyr/arch/arch/arm/core/libarch__arm__core.a(tls.c.obj)
                              (--whole-archive)
zephyr/arch/arch/arm/core/cortex_m/libarch__arm__core__cortex_m.a(exc_exit.c.obj)
                              (--whole-archive)
zephyr/arch/arch/arm/core/cortex_m/libarch__arm__core__cortex_m.a(fault.c.obj)
                              (--whole-archive)
zephyr/arch/arch/arm/core/cortex_m/libarch__arm__core__cortex_m.a(fault_s.S.obj)
                              (--whole-archive)
zephyr/arch/arch/arm/core/cortex_m/libarch__arm__core__cortex_m.a(fpu.c.obj)
                              (--whole-archive)
zephyr/arch/arch/arm/core/cortex_m/libarch__arm__core__cortex_m.a(reset.S.obj)
[...]
Memory Configuration

Name             Origin             Length             Attributes
FLASH            0x0000000000000000 0x0000000000080000 xr
RAM              0x0000000020000000 0x0000000000020000 xw
IDT_LIST         0x00000000ffff7fff 0x0000000000008000 xw
*default*        0x0000000000000000 0xffffffffffffffff

Linker script and memory map

                0x000000000002ef10                vfprintf = __l_vfprintf
                0x0000000000000000                vfscanf = __l_vfscanf
LOAD zephyr/CMakeFiles/zephyr_final.dir/misc/empty_file.c.obj
LOAD zephyr/CMakeFiles/zephyr_final.dir/isr_tables.c.obj
LOAD zephyr/CMakeFiles/offsets.dir/./arch/arm/core/offsets/offsets.c.obj
LOAD app/libapp.a
LOAD zephyr/libzephyr.a
LOAD zephyr/arch/common/libarch__common.a
LOAD zephyr/arch/arch/arm/core/libarch__arm__core.a
LOAD zephyr/arch/arch/arm/core/cortex_m/libarch__arm__core__cortex_m.a
LOAD zephyr/arch/arch/arm/core/mpu/libarch__arm__core__mpu.a
LOAD zephyr/lib/libc/picolibc/liblib__libc__picolibc.a
LOAD zephyr/lib/libc/common/liblib__libc__common.a
LOAD zephyr/soc/soc/nrf52833/libsoc__nordic.a
LOAD zephyr/subsys/random/libsubsys__random.a
LOAD zephyr/subsys/bluetooth/common/libsubsys__bluetooth__common.a
LOAD zephyr/subsys/bluetooth/host/libsubsys__bluetooth__host.a
LOAD zephyr/subsys/bluetooth/controller/libsubsys__bluetooth__controller.a
LOAD zephyr/subsys/bluetooth/controller/ll_sw/nordic/libsubsys__bluetooth__controller__ll_sw__nordic.a
LOAD zephyr/subsys/net/libsubsys__net.a
LOAD zephyr/drivers/clock_control/libdrivers__clock_control.a
LOAD zephyr/drivers/entropy/libdrivers__entropy.a
LOAD zephyr/drivers/flash/libdrivers__flash.a
LOAD zephyr/drivers/gpio/libdrivers__gpio.a
LOAD zephyr/drivers/i2c/libdrivers__i2c.a
LOAD zephyr/drivers/pinctrl/libdrivers__pinctrl.a
LOAD zephyr/drivers/sensor/bosch/bme280/libdrivers__sensor__bosch__bme280.a
LOAD zephyr/drivers/sensor/nordic/temp/libdrivers__sensor__nordic__temp.a
LOAD zephyr/drivers/sensor/st/stmemsc/libdrivers__sensor__st__stmemsc.a
LOAD zephyr/drivers/sensor/st/lis2dw12/libdrivers__sensor__st__lis2dw12.a
LOAD zephyr/drivers/serial/libdrivers__serial.a
LOAD zephyr/drivers/timer/libdrivers__timer.a
LOAD modules/nrf/lib/fatal_error/lib..__nrf__lib__fatal_error.a
LOAD modules/hal_nordic/nrfx/libmodules__hal_nordic__nrfx.a
LOAD zephyr/kernel/libkernel.a
LOAD c:/u-blox/ncs/toolchains/ce3b5ff664/opt/zephyr-sdk/arm-zephyr-eabi/bin/../lib/gcc/arm-zephyr-eabi/12.2.0/thumb/v7e-m/nofp\libgcc.a
LOAD zephyr/arch/common/libisr_tables.a
LOAD c:\u-blox\ncs\toolchains\ce3b5ff664\opt\zephyr-sdk\arm-zephyr-eabi\bin\../lib/gcc/../../picolibc/arm-zephyr-eabi/lib/thumb/v7e-m/nofp\libc.a
LOAD c:/u-blox/ncs/toolchains/ce3b5ff664/opt/zephyr-sdk/arm-zephyr-eabi/bin/../lib/gcc/arm-zephyr-eabi/12.2.0/thumb/v7e-m/nofp\libgcc.a
                0x0000000000000020                _region_min_align = 0x20

.rel.plt        0x0000000000000000        0x0
 *(SORT_BY_ALIGNMENT(.rel.plt))
                [!provide]                        PROVIDE (__rel_iplt_start = .)
 *(SORT_BY_ALIGNMENT(.rel.iplt))
 .rel.iplt      0x0000000000000000        0x0 zephyr/CMakeFiles/zephyr_final.dir/isr_tables.c.obj
                [!provide]                        PROVIDE (__rel_iplt_end = .)

.rela.plt       0x0000000000000000        0x0
 *(SORT_BY_ALIGNMENT(.rela.plt))
                [!provide]                        PROVIDE (__rela_iplt_start = .)
 *(SORT_BY_ALIGNMENT(.rela.iplt))
                [!provide]                        PROVIDE (__rela_iplt_end = .)

.rel.dyn
 *(SORT_BY_ALIGNMENT(.rel.*))

.rela.dyn
 *(SORT_BY_ALIGNMENT(.rela.*))

/DISCARD/
 *(SORT_BY_ALIGNMENT(.plt))

/DISCARD/
 *(SORT_BY_ALIGNMENT(.iplt))
                0x0000000000000000                __rom_region_start = 0x0

rom_start       0x0000000000000000      0x100
                0x0000000000000000                __rom_start_address = .
 FILL mask 0x00
                0x0000000000000000                . = (. + (0x0 - (. - __rom_start_address)))
                0x0000000000000000                . = ALIGN (0x4)
                0x0000000000000000                . = ALIGN (0x80)
                0x0000000000000000                . = ALIGN (0x100)
                0x0000000000000000                _vector_start = .
 *(SORT_BY_ALIGNMENT(.exc_vector_table))
 *(SORT_BY_ALIGNMENT(.exc_vector_table.*))
 .exc_vector_table._vector_table_section
                0x0000000000000000       0x40 zephyr/arch/arch/arm/core/cortex_m/libarch__arm__core__cortex_m.a(vector_table.S.obj)
                0x0000000000000000                _vector_table
 *(SORT_BY_ALIGNMENT(.vectors))
                0x0000000000000100                _vector_end = .
                0x0000000000000040                . = ALIGN (0x4)
 *(SORT_BY_ALIGNMENT(.gnu.linkonce.irq_vector_table*))
 .gnu.linkonce.irq_vector_table
                0x0000000000000040       0xc0 zephyr/CMakeFiles/zephyr_final.dir/isr_tables.c.obj
                0x0000000000000040                _irq_vector_table
                0x0000000000000100                _vector_end = .

text            0x0000000000000100    0x2f450
                0x0000000000000100                __text_region_start = .
 *(SORT_BY_ALIGNMENT(.text))
 .text          0x0000000000000100      0x378 c:/u-blox/ncs/toolchains/ce3b5ff664/opt/zephyr-sdk/arm-zephyr-eabi/bin/../lib/gcc/arm-zephyr-eabi/12.2.0/thumb/v7e-m/nofp\libgcc.a(_arm_addsubdf3.o)
                0x0000000000000100                __aeabi_drsub
                0x0000000000000108                __aeabi_dsub
                0x0000000000000108                __subdf3
                0x000000000000010c                __aeabi_dadd
                0x000000000000010c                __adddf3
                0x0000000000000384                __floatunsidf
                0x0000000000000384                __aeabi_ui2d
                0x00000000000003a4                __floatsidf
                0x00000000000003a4                __aeabi_i2d
                0x00000000000003c8                __aeabi_f2d
                0x00000000000003c8                __extendsfdf2
                0x000000000000040c                __floatundidf
                0x000000000000040c                __aeabi_ul2d
                0x000000000000041c                __floatdidf
                0x000000000000041c                __aeabi_l2d
 .text          0x0000000000000478      0x424 c:/u-blox/ncs/toolchains/ce3b5ff664/opt/zephyr-sdk/arm-zephyr-eabi/bin/../lib/gcc/arm-zephyr-eabi/12.2.0/thumb/v7e-m/nofp\libgcc.a(_arm_muldivdf3.o)
                0x0000000000000478                __aeabi_dmul
                0x0000000000000478                __muldf3
                0x00000000000006cc                __divdf3
                0x00000000000006cc                __aeabi_ddiv
 .text          0x000000000000089c       0x50 c:/u-blox/ncs/toolchains/ce3b5ff664/opt/zephyr-sdk/arm-zephyr-eabi/bin/../lib/gcc/arm-zephyr-eabi/12.2.0/thumb/v7e-m/nofp\libgcc.a(_arm_fixdfsi.o)
                0x000000000000089c                __aeabi_d2iz
                0x000000000000089c                __fixdfsi
 .text          0x00000000000008ec       0x40 c:/u-blox/ncs/toolchains/ce3b5ff664/opt/zephyr-sdk/arm-zephyr-eabi/bin/../lib/gcc/arm-zephyr-eabi/12.2.0/thumb/v7e-m/nofp\libgcc.a(_arm_fixunsdfsi.o)
                0x00000000000008ec                __aeabi_d2uiz
                0x00000000000008ec                __fixunsdfsi
 .text          0x000000000000092c      0x21c c:/u-blox/ncs/toolchains/ce3b5ff664/opt/zephyr-sdk/arm-zephyr-eabi/bin/../lib/gcc/arm-zephyr-eabi/12.2.0/thumb/v7e-m/nofp\libgcc.a(_arm_addsubsf3.o)
                0x000000000000092c                __aeabi_frsub
                0x0000000000000934                __subsf3
                0x0000000000000934                __aeabi_fsub
                0x0000000000000938                __aeabi_fadd
                0x0000000000000938                __addsf3
                0x0000000000000a98                __aeabi_ui2f
                0x0000000000000a98                __floatunsisf
                0x0000000000000aa0                __aeabi_i2f
                0x0000000000000aa0                __floatsisf
                0x0000000000000abc                __aeabi_ul2f
                0x0000000000000abc                __floatundisf
                0x0000000000000acc                __aeabi_l2f
                0x0000000000000acc                __floatdisf
 .text          0x0000000000000b48      0x2a0 c:/u-blox/ncs/toolchains/ce3b5ff664/opt/zephyr-sdk/arm-zephyr-eabi/bin/../lib/gcc/arm-zephyr-eabi/12.2.0/thumb/v7e-m/nofp\libgcc.a(_arm_muldivsf3.o)
                0x0000000000000b48                __mulsf3
                0x0000000000000b48                __aeabi_fmul
                0x0000000000000cb0                __aeabi_fdiv
                0x0000000000000cb0                __divsf3
 .text          0x0000000000000de8       0xec c:/u-blox/ncs/toolchains/ce3b5ff664/opt/zephyr-sdk/arm-zephyr-eabi/bin/../lib/gcc/arm-zephyr-eabi/12.2.0/thumb/v7e-m/nofp\libgcc.a(_arm_cmpsf2.o)
                0x0000000000000de8                __gesf2
                0x0000000000000de8                __gtsf2
                0x0000000000000df0                __lesf2
                0x0000000000000df0                __ltsf2
                0x0000000000000df8                __nesf2
                0x0000000000000df8                __eqsf2
                0x0000000000000df8                __cmpsf2
                0x0000000000000e58                __aeabi_cfrcmple
                0x0000000000000e60                __aeabi_cfcmpeq
                0x0000000000000e60                __aeabi_cfcmple
                0x0000000000000e70                __aeabi_fcmpeq
                0x0000000000000e84                __aeabi_fcmplt
                0x0000000000000e98                __aeabi_fcmple
                0x0000000000000eac                __aeabi_fcmpge
                0x0000000000000ec0                __aeabi_fcmpgt
 .text          0x0000000000000ed4       0xa0 c:/u-blox/ncs/toolchains/ce3b5ff664/opt/zephyr-sdk/arm-zephyr-eabi/bin/../lib/gcc/arm-zephyr-eabi/12.2.0/thumb/v7e-m/nofp\libgcc.a(_aeabi_ldivmod.o)
                0x0000000000000ed4                __aeabi_ldivmod
 .text          0x0000000000000f74       0x30 c:/u-blox/ncs/toolchains/ce3b5ff664/opt/zephyr-sdk/arm-zephyr-eabi/bin/../lib/gcc/arm-zephyr-eabi/12.2.0/thumb/v7e-m/nofp\libgcc.a(_aeabi_uldivmod.o)
                0x0000000000000f74                __aeabi_uldivmod
 .text          0x0000000000000fa4       0x40 c:/u-blox/ncs/toolchains/ce3b5ff664/opt/zephyr-sdk/arm-zephyr-eabi/bin/../lib/gcc/arm-zephyr-eabi/12.2.0/thumb/v7e-m/nofp\libgcc.a(_fixunssfdi.o)
                0x0000000000000fa4                __fixunssfdi
                0x0000000000000fa4                __aeabi_f2ulz
 .text          0x0000000000000fe4        0x4 c:/u-blox/ncs/toolchains/ce3b5ff664/opt/zephyr-sdk/arm-zephyr-eabi/bin/../lib/gcc/arm-zephyr-eabi/12.2.0/thumb/v7e-m/nofp\libgcc.a(_dvmd_tls.o)
                0x0000000000000fe4                __aeabi_idiv0
                0x0000000000000fe4                __aeabi_ldiv0
 .text          0x0000000000000fe8       0x26 c:/u-blox/ncs/toolchains/ce3b5ff664/opt/zephyr-sdk/arm-zephyr-eabi/bin/../lib/gcc/arm-zephyr-eabi/12.2.0/thumb/v7e-m/nofp\libgcc.a(_fixsfdi.o)
                0x0000000000000fe8                __fixsfdi
                0x0000000000000fe8                __aeabi_f2lz
 .text          0x000000000000100e      0x2a0 c:/u-blox/ncs/toolchains/ce3b5ff664/opt/zephyr-sdk/arm-zephyr-eabi/bin/../lib/gcc/arm-zephyr-eabi/12.2.0/thumb/v7e-m/nofp\libgcc.a(_udivmoddi4.o)
                0x000000000000100e                __udivmoddi4
 .text          0x00000000000012ae       0x10 c:\u-blox\ncs\toolchains\ce3b5ff664\opt\zephyr-sdk\arm-zephyr-eabi\bin\../lib/gcc/../../picolibc/arm-zephyr-eabi/lib/thumb/v7e-m/nofp\libc.a(strlen.S.o)
                0x00000000000012ae                strlen
 *(SORT_BY_ALIGNMENT(.text.*))
 *fill*         0x00000000000012be        0x2 
 .text.sensorsGetLis2dw12
                0x00000000000012c0       0xf8 app/libapp.a(sensors.c.obj)
                0x00000000000012c0                sensorsGetLis2dw12
 .text.ll_feat_get
                0x00000000000013b8       0x10 zephyr/subsys/bluetooth/controller/libsubsys__bluetooth__controller.a(ll_feat.c.obj)
                0x00000000000013b8                ll_feat_get
 .text.ull_drift_ticks_get
                0x00000000000013c8       0x94 zephyr/subsys/bluetooth/controller/libsubsys__bluetooth__controller.a(ull.c.obj)
                0x00000000000013c8                ull_drift_ticks_get
 *fill*         0x000000000000145c        0x4 
 .text.ticker_cb
                0x0000000000001460      0x280 zephyr/subsys/bluetooth/controller/libsubsys__bluetooth__controller.a(ull_adv.c.obj)
 .text.ll_adv_enable
                0x00000000000016e0      0x72c zephyr/subsys/bluetooth/controller/libsubsys__bluetooth__controller.a(ull_adv.c.obj)
                0x00000000000016e0                ll_adv_enable
 *fill*         0x0000000000001e0c        0x4 
 .text.ull_adv_time_update
                0x0000000000001e10       0xc4 zephyr/subsys/bluetooth/controller/libsubsys__bluetooth__controller.a(ull_adv.c.obj)
                0x0000000000001e10                ull_adv_time_update
 *fill*         0x0000000000001ed4        0x4 
 .text.ticker_cb
                0x0000000000001ed8      0x20c zephyr/subsys/bluetooth/controller/libsubsys__bluetooth__controller.a(ull_adv_aux.c.obj)
 *fill*         0x00000000000020e4        0x4 
 .text.ull_adv_aux_evt_init
                0x00000000000020e8       0x90 zephyr/subsys/bluetooth/controller/libsubsys__bluetooth__controller.a(ull_adv_aux.c.obj)
                0x00000000000020e8                ull_adv_aux_evt_init
 .text.ull_adv_aux_start
                0x0000000000002178       0x90 zephyr/subsys/bluetooth/controller/libsubsys__bluetooth__controller.a(ull_adv_aux.c.obj)
                0x0000000000002178                ull_adv_aux_start
 .text.ull_adv_aux_lll_offset_fill
                0x0000000000002208       0x8c zephyr/subsys/bluetooth/controller/libsubsys__bluetooth__controller.a(ull_adv_aux.c.obj)
                0x0000000000002208                ull_adv_aux_lll_offset_fill
 *fill*         0x0000000000002294        0x4 
 .text.ull_adv_aux_hdr_set_clear
                0x0000000000002298      0x8b0 zephyr/subsys/bluetooth/controller/libsubsys__bluetooth__controller.a(ull_adv_aux.c.obj)
                0x0000000000002298                ull_adv_aux_hdr_set_clear
 .text.mfy_sync_offset_get
                0x0000000000002b48      0x290 zephyr/subsys/bluetooth/controller/libsubsys__bluetooth__controller.a(ull_adv_sync.c.obj)
 .text.ull_adv_sync_evt_init
                0x0000000000002dd8       0x68 zephyr/subsys/bluetooth/controller/libsubsys__bluetooth__controller.a(ull_adv_sync.c.obj)
                0x0000000000002dd8                ull_adv_sync_evt_init
 .text.ull_adv_sync_start
                0x0000000000002e40       0xa0 zephyr/subsys/bluetooth/controller/libsubsys__bluetooth__controller.a(ull_adv_sync.c.obj)
                0x0000000000002e40                ull_adv_sync_start
 .text.ull_adv_sync_time_update
                0x0000000000002ee0       0x9c zephyr/subsys/bluetooth/controller/libsubsys__bluetooth__controller.a(ull_adv_sync.c.obj)
                0x0000000000002ee0                ull_adv_sync_time_update
 *fill*         0x0000000000002f7c        0x4 
 .text.ull_conn_update_ticker.constprop.0
                0x0000000000002f80      0x134 zephyr/subsys/bluetooth/controller/libsubsys__bluetooth__controller.a(ull_conn.c.obj)
 *fill*         0x00000000000030b4        0x4 
 .text.ull_conn_done
                0x00000000000030b8      0x3a0 zephyr/subsys/bluetooth/controller/libsubsys__bluetooth__controller.a(ull_conn.c.obj)
                0x00000000000030b8                ull_conn_done
 .text.ull_conn_update_parameters
                0x0000000000003458      0x214 zephyr/subsys/bluetooth/controller/libsubsys__bluetooth__controller.a(ull_conn.c.obj)
                0x0000000000003458                ull_conn_update_parameters
 *fill*         0x000000000000366c        0x4 
 .text.ull_periph_setup
                0x0000000000003670      0x544 zephyr/subsys/bluetooth/controller/libsubsys__bluetooth__controller.a(ull_peripheral.c.obj)
                0x0000000000003670                ull_periph_setup
 *fill*         0x0000000000003bb4        0x4 
 .text.ull_hdr_get_cb
                0x0000000000003bb8       0x98 zephyr/subsys/bluetooth/controller/libsubsys__bluetooth__controller.a(ull_sched.c.obj)
 .text.nrf_flash_sync_exe
                0x0000000000003c50      0x128 zephyr/subsys/bluetooth/controller/libsubsys__bluetooth__controller.a(soc_flash_nrf_ticker.c.obj)
                0x0000000000003c50                nrf_flash_sync_exe
 .text.nrf_flash_sync_check_time_limit
                0x0000000000003d78       0x48 zephyr/subsys/bluetooth/controller/libsubsys__bluetooth__controller.a(soc_flash_nrf_ticker.c.obj)
                0x0000000000003d78                nrf_flash_sync_check_time_limit
 .text.prepare_cb
                0x0000000000003dc0      0x15c zephyr/subsys/bluetooth/controller/ll_sw/nordic/libsubsys__bluetooth__controller__ll_sw__nordic.a(lll_adv.c.obj)
 *fill*         0x0000000000003f1c        0x4 
 .text.prepare_cb
                0x0000000000003f20      0x2b4 zephyr/subsys/bluetooth/controller/ll_sw/nordic/libsubsys__bluetooth__controller__ll_sw__nordic.a(lll_adv_aux.c.obj)
 *fill*         0x00000000000041d4        0x4 
 .text.prepare_cb
                0x00000000000041d8      0x214 zephyr/subsys/bluetooth/controller/ll_sw/nordic/libsubsys__bluetooth__controller__ll_sw__nordic.a(lll_adv_sync.c.obj)
 *fill*         0x00000000000043ec        0x4 
 .text.prepare_cb
                0x00000000000043f0      0x298 zephyr/subsys/bluetooth/controller/ll_sw/nordic/libsubsys__bluetooth__controller__ll_sw__nordic.a(lll_peripheral.c.obj)
 .text.lis2dw12_attr_set
                0x0000000000004688       0xa4 zephyr/drivers/sensor/st/lis2dw12/libdrivers__sensor__st__lis2dw12.a(lis2dw12.c.obj)
 .text._OffsetAbsSyms
                0x000000000000472c        0x4 zephyr/CMakeFiles/offsets.dir/./arch/arm/core/offsets/offsets.c.obj
                0x000000000000472c                _OffsetAbsSyms
 .text.disableAtUartModeTimerCallback
                0x0000000000004730        0xc app/libapp.a(at_host.c.obj)
 .text.uartCallback
                0x000000000000473c       0xdc app/libapp.a(at_host.c.obj)
 .text.sendString
                0x0000000000004818       0x2c app/libapp.a(at_host.c.obj)
 .text.disableAtUartMode
                0x0000000000004844       0x28 app/libapp.a(at_host.c.obj)
                0x0000000000004844                disableAtUartMode
 .text.restartUartRxAfterError
                0x000000000000486c       0x38 app/libapp.a(at_host.c.obj)
                0x000000000000486c                restartUartRxAfterError
 .text.atHostStart
                0x00000000000048a4      0x164 app/libapp.a(at_host.c.obj)
                0x00000000000048a4                atHostStart
 .text.atHostHandleCommand
                0x0000000000004a08      0x304 app/libapp.a(at_host.c.obj)
                0x0000000000004a08                atHostHandleCommand
 .text.doCommandWork
                0x0000000000004d0c       0x78 app/libapp.a(at_host.c.obj)
 .text.btAdvInit
                0x0000000000004d84       0xe4 app/libapp.a(bt_adv.c.obj)
                0x0000000000004d84                btAdvInit
 .text.btAdvStart
                0x0000000000004e68       0x34 app/libapp.a(bt_adv.c.obj)
                0x0000000000004e68                btAdvStart
 .text.btAdvStop
                0x0000000000004e9c       0x60 app/libapp.a(bt_adv.c.obj)
                0x0000000000004e9c                btAdvStop
 .text.btAdvUpdateAdvInterval
                0x0000000000004efc       0x74 app/libapp.a(bt_adv.c.obj)
                0x0000000000004efc                btAdvUpdateAdvInterval
 .text.utilGetBtAddr
                0x0000000000004f70       0x88 app/libapp.a(bt_util.c.obj)
                0x0000000000004f70                utilGetBtAddr
 .text.utilToupper
                0x0000000000004ff8       0x30 app/libapp.a(bt_util.c.obj)
                0x0000000000004ff8                utilToupper
 .text.buttonPressedIsr
                0x0000000000005028       0x6c app/libapp.a(buttons.c.obj)
 .text.handleButtonThread
                0x0000000000005094      0x184 app/libapp.a(buttons.c.obj)
 .text.buttonsInit
                0x0000000000005218      0x100 app/libapp.a(buttons.c.obj)
                0x0000000000005218                buttonsInit
 .text.ledsInit
                0x0000000000005318      0x148 app/libapp.a(leds.c.obj)
                0x0000000000005318                ledsInit
 .text.ledsSetState
                0x0000000000005460       0xec app/libapp.a(leds.c.obj)
                0x0000000000005460                ledsSetState
 .text.onButtonPressCb
                0x000000000000554c       0x84 app/libapp.a(main.c.obj)
 .text.btReadyCb
                0x00000000000055d0       0xd0 app/libapp.a(main.c.obj)
 .text.blink    0x00000000000056a0       0xf8 app/libapp.a(main.c.obj)
 .text.main     0x0000000000005798       0xd8 app/libapp.a(main.c.obj)
                0x0000000000005798                main
 .text.sensorsInit
                0x0000000000005870       0x68 app/libapp.a(sensors.c.obj)
                0x0000000000005870                sensorsInit
 .text.sensorsGetBme280Data
                0x00000000000058d8       0x84 app/libapp.a(sensors.c.obj)
                0x00000000000058d8                sensorsGetBme280Data
 .text.sensorsDetectApds
                0x000000000000595c       0x64 app/libapp.a(sensors.c.obj)
                0x000000000000595c                sensorsDetectApds
 .text.storageInit
                0x00000000000059c0       0x70 app/libapp.a(storage.c.obj)
                0x00000000000059c0                storageInit
 .text.storageWriteTxPower
                0x0000000000005a30       0x54 app/libapp.a(storage.c.obj)
                0x0000000000005a30                storageWriteTxPower
 .text.storageGetTxPower
                0x0000000000005a84       0x20 app/libapp.a(storage.c.obj)
                0x0000000000005a84                storageGetTxPower
 .text.crc8_ccitt
                0x0000000000005aa4       0x3c zephyr/libzephyr.a(crc8_sw.c.obj)
                0x0000000000005aa4                crc8_ccitt
 .text.split_chunks
                0x0000000000005ae0       0x30 zephyr/libzephyr.a(heap.c.obj)
 .text.merge_chunks
                0x0000000000005b10       0x34 zephyr/libzephyr.a(heap.c.obj)
 .text.free_list_add
                0x0000000000005b44       0x60 zephyr/libzephyr.a(heap.c.obj)
 .text.free_list_remove_bidx
                0x0000000000005ba4       0x3c zephyr/libzephyr.a(heap.c.obj)
 .text.alloc_chunk
                0x0000000000005be0       0x64 zephyr/libzephyr.a(heap.c.obj)
 .text.free_chunk
                0x0000000000005c44       0x80 zephyr/libzephyr.a(heap.c.obj)
 .text.sys_heap_free
                0x0000000000005cc4       0x8c zephyr/libzephyr.a(heap.c.obj)
                0x0000000000005cc4                sys_heap_free
 .text.sys_heap_alloc
                0x0000000000005d50       0x50 zephyr/libzephyr.a(heap.c.obj)
                0x0000000000005d50                sys_heap_alloc
 .text.sys_heap_aligned_alloc
                0x0000000000005da0      0x114 zephyr/libzephyr.a(heap.c.obj)
                0x0000000000005da0                sys_heap_aligned_alloc
 .text.sys_heap_init
                0x0000000000005eb4      0x11c zephyr/libzephyr.a(heap.c.obj)
                0x0000000000005eb4                sys_heap_init
 .text.arch_printk_char_out
                0x0000000000005fd0        0x4 zephyr/libzephyr.a(printk.c.obj)
                0x0000000000005fd0                arch_printk_char_out
 .text.char_out
                0x0000000000005fd4        0xc zephyr/libzephyr.a(printk.c.obj)
 .text.vprintk  0x0000000000005fe0       0x2c zephyr/libzephyr.a(printk.c.obj)
                0x0000000000005fe0                vprintk
 .text.printk   0x000000000000600c       0x38 zephyr/libzephyr.a(printk.c.obj)
                0x000000000000600c                printk
 .text.z_thread_entry
                0x0000000000006044       0x2c zephyr/libzephyr.a(thread_entry.c.obj)
                0x0000000000006044                z_thread_entry
 .text.assert_post_action
                0x0000000000006070       0x14 zephyr/libzephyr.a(assert.c.obj)
                0x0000000000006070                assert_post_action
 .text.assert_print
                0x0000000000006084       0x1c zephyr/libzephyr.a(assert.c.obj)
                0x0000000000006084                assert_print
 .text.sys_reboot
                0x00000000000060a0       0x2c zephyr/libzephyr.a(reboot.c.obj)
                0x00000000000060a0                sys_reboot
 .text.bin2hex  0x00000000000060cc       0x58 zephyr/libzephyr.a(hex.c.obj)
                0x00000000000060cc                bin2hex
 .text.process_event
                0x0000000000006124      0x408 zephyr/libzephyr.a(onoff.c.obj)
 .text.transition_complete
                0x000000000000652c       0x64 zephyr/libzephyr.a(onoff.c.obj)
 .text.onoff_manager_init
                0x0000000000006590       0x2c zephyr/libzephyr.a(onoff.c.obj)
                0x0000000000006590                onoff_manager_init
 .text.onoff_request
                0x00000000000065bc      0x178 zephyr/libzephyr.a(onoff.c.obj)
                0x00000000000065bc                onoff_request
 .text.onoff_release
                0x0000000000006734       0xe0 zephyr/libzephyr.a(onoff.c.obj)
                0x0000000000006734                onoff_release
 .text.sys_notify_validate
                0x0000000000006814       0x28 zephyr/libzephyr.a(notify.c.obj)
                0x0000000000006814                sys_notify_validate
 .text.sys_notify_finalize
                0x000000000000683c       0x58 zephyr/libzephyr.a(notify.c.obj)
                0x000000000000683c                sys_notify_finalize
 .text._ConfigAbsSyms
                0x0000000000006894        0x4 zephyr/libzephyr.a(configs.c.obj)
                0x0000000000006894                _ConfigAbsSyms
 .text.nvs_ate_valid
                0x0000000000006898       0x40 zephyr/libzephyr.a(nvs.c.obj)
 .text.nvs_flash_al_wrt
                0x00000000000068d8       0x80 zephyr/libzephyr.a(nvs.c.obj)
 .text.nvs_close_ate_valid
                0x0000000000006958       0x48 zephyr/libzephyr.a(nvs.c.obj)
 .text.nvs_recover_last_ate
                0x00000000000069a0       0x8c zephyr/libzephyr.a(nvs.c.obj)
 .text.nvs_flash_cmp_const
                0x0000000000006a2c       0x80 zephyr/libzephyr.a(nvs.c.obj)
 .text.nvs_flash_erase_sector
                0x0000000000006aac       0x34 zephyr/libzephyr.a(nvs.c.obj)
 .text.nvs_prev_ate
                0x0000000000006ae0       0xcc zephyr/libzephyr.a(nvs.c.obj)
 .text.nvs_gc   0x0000000000006bac      0x258 zephyr/libzephyr.a(nvs.c.obj)
 .text.nvs_mount
                0x0000000000006e04      0x43c zephyr/libzephyr.a(nvs.c.obj)
                0x0000000000006e04                nvs_mount
 .text.nvs_write
                0x0000000000007240      0x2c8 zephyr/libzephyr.a(nvs.c.obj)
                0x0000000000007240                nvs_write
 .text.nvs_read_hist
                0x0000000000007508       0xd4 zephyr/libzephyr.a(nvs.c.obj)
                0x0000000000007508                nvs_read_hist
 .text.nvs_read
                0x00000000000075dc       0x10 zephyr/libzephyr.a(nvs.c.obj)
                0x00000000000075dc                nvs_read
 .text.mem_attr_get_regions
                0x00000000000075ec        0xc zephyr/libzephyr.a(mem_attr.c.obj)
                0x00000000000075ec                mem_attr_get_regions
 .text.pm_device_action_run
                0x00000000000075f8       0xa8 zephyr/libzephyr.a(device.c.obj)
                0x00000000000075f8                pm_device_action_run
 .text.pm_device_state_get
                0x00000000000076a0       0x14 zephyr/libzephyr.a(device.c.obj)
                0x00000000000076a0                pm_device_state_get
 .text.pm_device_is_busy
                0x00000000000076b4       0x14 zephyr/libzephyr.a(device.c.obj)
                0x00000000000076b4                pm_device_is_busy
 .text.put_sync_locked
                0x00000000000076c8       0x44 zephyr/libzephyr.a(device_runtime.c.obj)
 .text.runtime_suspend.isra.0
                0x000000000000770c       0xb8 zephyr/libzephyr.a(device_runtime.c.obj)
 .text.pm_device_runtime_put
                0x00000000000077c4       0xd8 zephyr/libzephyr.a(device_runtime.c.obj)
                0x00000000000077c4                pm_device_runtime_put
 .text.runtime_suspend_work
                0x000000000000789c       0x9c zephyr/libzephyr.a(device_runtime.c.obj)
 .text.pm_device_runtime_enable
                0x0000000000007938      0x16c zephyr/libzephyr.a(device_runtime.c.obj)
                0x0000000000007938                pm_device_runtime_enable
 .text.pm_device_runtime_auto_enable
                0x0000000000007aa4       0x1c zephyr/libzephyr.a(device_runtime.c.obj)
                0x0000000000007aa4                pm_device_runtime_auto_enable
 .text.boot_banner
                0x0000000000007ac0       0x1c zephyr/libzephyr.a(banner.c.obj)
                0x0000000000007ac0                boot_banner
 .text.lis2dw12_read_reg
                0x0000000000007adc        0xc zephyr/libzephyr.a(lis2dw12_reg.c.obj)
                0x0000000000007adc                lis2dw12_read_reg
 .text.lis2dw12_write_reg
                0x0000000000007ae8        0xc zephyr/libzephyr.a(lis2dw12_reg.c.obj)
                0x0000000000007ae8                lis2dw12_write_reg
 .text.lis2dw12_data_rate_set
                0x0000000000007af4       0x64 zephyr/libzephyr.a(lis2dw12_reg.c.obj)
                0x0000000000007af4                lis2dw12_data_rate_set
 .text.lis2dw12_block_data_update_set
                0x0000000000007b58       0x34 zephyr/libzephyr.a(lis2dw12_reg.c.obj)
                0x0000000000007b58                lis2dw12_block_data_update_set
 .text.lis2dw12_full_scale_set
                0x0000000000007b8c       0x34 zephyr/libzephyr.a(lis2dw12_reg.c.obj)
                0x0000000000007b8c                lis2dw12_full_scale_set
 .text.lis2dw12_acceleration_raw_get
                0x0000000000007bc0       0x40 zephyr/libzephyr.a(lis2dw12_reg.c.obj)
                0x0000000000007bc0                lis2dw12_acceleration_raw_get
 .text.lis2dw12_device_id_get
                0x0000000000007c00       0x10 zephyr/libzephyr.a(lis2dw12_reg.c.obj)
                0x0000000000007c00                lis2dw12_device_id_get
 .text.lis2dw12_reset_set
                0x0000000000007c10       0x34 zephyr/libzephyr.a(lis2dw12_reg.c.obj)
                0x0000000000007c10                lis2dw12_reset_set
 .text.lis2dw12_filter_path_set
                0x0000000000007c44       0x64 zephyr/libzephyr.a(lis2dw12_reg.c.obj)
                0x0000000000007c44                lis2dw12_filter_path_set
 .text.lis2dw12_filter_bandwidth_set
                0x0000000000007ca8       0x34 zephyr/libzephyr.a(lis2dw12_reg.c.obj)
                0x0000000000007ca8                lis2dw12_filter_bandwidth_set
 .text.lis2dw12_reference_mode_set
                0x0000000000007cdc       0x34 zephyr/libzephyr.a(lis2dw12_reg.c.obj)
                0x0000000000007cdc                lis2dw12_reference_mode_set
 .text.lis2dw12_pin_polarity_set
                0x0000000000007d10       0x34 zephyr/libzephyr.a(lis2dw12_reg.c.obj)
                0x0000000000007d10                lis2dw12_pin_polarity_set
 .text.lis2dw12_pin_mode_set
                0x0000000000007d44       0x34 zephyr/libzephyr.a(lis2dw12_reg.c.obj)
                0x0000000000007d44                lis2dw12_pin_mode_set
 .text._copy    0x0000000000007d78       0x1c zephyr/libzephyr.a(utils.c.obj)
                0x0000000000007d78                _copy
 .text._set     0x0000000000007d94        0x4 zephyr/libzephyr.a(utils.c.obj)
                0x0000000000007d94                _set
 .text._double_byte
                0x0000000000007d98       0x14 zephyr/libzephyr.a(utils.c.obj)
                0x0000000000007d98                _double_byte
 .text.tc_aes128_set_encrypt_key
                0x0000000000007dac       0xc0 zephyr/libzephyr.a(aes_encrypt.c.obj)
                0x0000000000007dac                tc_aes128_set_encrypt_key
 .text.tc_aes_encrypt
                0x0000000000007e6c      0x5d0 zephyr/libzephyr.a(aes_encrypt.c.obj)
                0x0000000000007e6c                tc_aes_encrypt
 .text.tc_cmac_setup
                0x000000000000843c       0xcc zephyr/libzephyr.a(cmac_mode.c.obj)
                0x000000000000843c                tc_cmac_setup
 .text.tc_cmac_update
                0x0000000000008508       0xd8 zephyr/libzephyr.a(cmac_mode.c.obj)
                0x0000000000008508                tc_cmac_update
 .text.tc_cmac_final
                0x00000000000085e0       0x74 zephyr/libzephyr.a(cmac_mode.c.obj)
                0x00000000000085e0                tc_cmac_final
 .text.z_arm_fatal_error
                0x0000000000008654        0xc zephyr/arch/arch/arm/core/libarch__arm__core.a(fatal.c.obj)
                0x0000000000008654                z_arm_fatal_error
 .text.z_do_kernel_oops
                0x0000000000008660       0x10 zephyr/arch/arch/arm/core/libarch__arm__core.a(fatal.c.obj)
                0x0000000000008660                z_do_kernel_oops
 .text.z_arm_nmi
                0x0000000000008670       0x10 zephyr/arch/arch/arm/core/libarch__arm__core.a(nmi.c.obj)
                0x0000000000008670                z_arm_nmi
 .text.z_SysNmiOnReset
                0x0000000000008680        0x8 zephyr/arch/arch/arm/core/libarch__arm__core.a(nmi_on_reset.S.obj)
                0x0000000000008680                z_SysNmiOnReset
 .text.arch_tls_stack_setup
                0x0000000000008688       0x40 zephyr/arch/arch/arm/core/libarch__arm__core.a(tls.c.obj)
                0x0000000000008688                arch_tls_stack_setup
 .text._HandlerModeExit
                0x00000000000086c8       0x28 zephyr/arch/arch/arm/core/cortex_m/libarch__arm__core__cortex_m.a(exc_exit.c.obj)
                0x00000000000086c8                z_arm_int_exit
                0x00000000000086c8                z_arm_exc_exit
 .text.mem_manage_fault
                0x00000000000086f0       0xdc zephyr/arch/arch/arm/core/cortex_m/libarch__arm__core__cortex_m.a(fault.c.obj)
 .text.usage_fault.constprop.0
                0x00000000000087cc       0x58 zephyr/arch/arch/arm/core/cortex_m/libarch__arm__core__cortex_m.a(fault.c.obj)
 .text.bus_fault.constprop.0
                0x0000000000008824       0x70 zephyr/arch/arch/arm/core/cortex_m/libarch__arm__core__cortex_m.a(fault.c.obj)
 .text.z_arm_fault
                0x0000000000008894      0x1f0 zephyr/arch/arch/arm/core/cortex_m/libarch__arm__core__cortex_m.a(fault.c.obj)
                0x0000000000008894                z_arm_fault
 .text.z_arm_fault_init
                0x0000000000008a84       0x10 zephyr/arch/arch/arm/core/cortex_m/libarch__arm__core__cortex_m.a(fault.c.obj)
                0x0000000000008a84                z_arm_fault_init
 .text.__fault  0x0000000000008a94       0x14 zephyr/arch/arch/arm/core/cortex_m/libarch__arm__core__cortex_m.a(fault_s.S.obj)
                0x0000000000008a94                z_arm_usage_fault
                0x0000000000008a94                z_arm_mpu_fault
                0x0000000000008a94                z_arm_exc_spurious
                0x0000000000008a94                z_arm_debug_monitor
                0x0000000000008a94                z_arm_hard_fault
                0x0000000000008a94                z_arm_bus_fault
 .text._reset_section
                0x0000000000008aa8       0x54 zephyr/arch/arch/arm/core/cortex_m/libarch__arm__core__cortex_m.a(reset.S.obj)
                0x0000000000008aa8                __start
                0x0000000000008aa8                z_arm_reset
 .text.sys_arch_reboot
                0x0000000000008afc       0x24 zephyr/arch/arch/arm/core/cortex_m/libarch__arm__core__cortex_m.a(scb.c.obj)
                0x0000000000008afc                sys_arch_reboot
 .text.z_arm_init_arch_hw_at_boot
                0x0000000000008b20       0x84 zephyr/arch/arch/arm/core/cortex_m/libarch__arm__core__cortex_m.a(scb.c.obj)
                0x0000000000008b20                z_arm_init_arch_hw_at_boot
 .text.z_impl_k_thread_abort
                0x0000000000008ba4       0x34 zephyr/arch/arch/arm/core/cortex_m/libarch__arm__core__cortex_m.a(thread_abort.c.obj)
                0x0000000000008ba4                z_impl_k_thread_abort
 .text.arch_swap
                0x0000000000008bd8       0x34 zephyr/arch/arch/arm/core/cortex_m/libarch__arm__core__cortex_m.a(swap.c.obj)
                0x0000000000008bd8                arch_swap
 .text.z_arm_pendsv_c
                0x0000000000008c0c       0x50 zephyr/arch/arch/arm/core/cortex_m/libarch__arm__core__cortex_m.a(swap.c.obj)
                0x0000000000008c0c                z_arm_pendsv_c
 .text.z_arm_pendsv
                0x0000000000008c5c       0x34 zephyr/arch/arch/arm/core/cortex_m/libarch__arm__core__cortex_m.a(swap_helper.S.obj)
                0x0000000000008c5c                z_arm_pendsv
 .text.z_arm_svc
                0x0000000000008c90       0x20 zephyr/arch/arch/arm/core/cortex_m/libarch__arm__core__cortex_m.a(swap_helper.S.obj)
                0x0000000000008c90                z_arm_svc
 .text.arch_irq_enable
                0x0000000000008cb0       0x1c zephyr/arch/arch/arm/core/cortex_m/libarch__arm__core__cortex_m.a(irq_manage.c.obj)
                0x0000000000008cb0                arch_irq_enable
 .text.arch_irq_disable
                0x0000000000008ccc       0x28 zephyr/arch/arch/arm/core/cortex_m/libarch__arm__core__cortex_m.a(irq_manage.c.obj)
                0x0000000000008ccc                arch_irq_disable
 .text.arch_irq_is_enabled
                0x0000000000008cf4       0x1c zephyr/arch/arch/arm/core/cortex_m/libarch__arm__core__cortex_m.a(irq_manage.c.obj)
                0x0000000000008cf4                arch_irq_is_enabled
 .text.z_arm_irq_priority_set
                0x0000000000008d10       0x64 zephyr/arch/arch/arm/core/cortex_m/libarch__arm__core__cortex_m.a(irq_manage.c.obj)
                0x0000000000008d10                z_arm_irq_priority_set
 .text.z_irq_spurious
                0x0000000000008d74        0x8 zephyr/arch/arch/arm/core/cortex_m/libarch__arm__core__cortex_m.a(irq_manage.c.obj)
                0x0000000000008d74                z_irq_spurious
 .text.z_prep_c
                0x0000000000008d7c       0x38 zephyr/arch/arch/arm/core/cortex_m/libarch__arm__core__cortex_m.a(prep_c.c.obj)
                0x0000000000008d7c                z_prep_c
 .text.arch_new_thread
                0x0000000000008db4       0x40 zephyr/arch/arch/arm/core/cortex_m/libarch__arm__core__cortex_m.a(thread.c.obj)
                0x0000000000008db4                arch_new_thread
 .text.z_check_thread_stack_fail
                0x0000000000008df4       0x2c zephyr/arch/arch/arm/core/cortex_m/libarch__arm__core__cortex_m.a(thread.c.obj)
                0x0000000000008df4                z_check_thread_stack_fail
 .text.arch_switch_to_main_thread
                0x0000000000008e20       0x48 zephyr/arch/arch/arm/core/cortex_m/libarch__arm__core__cortex_m.a(thread.c.obj)
                0x0000000000008e20                arch_switch_to_main_thread
 .text.arch_irq_unlock_outlined
                0x0000000000008e68       0x10 zephyr/arch/arch/arm/core/cortex_m/libarch__arm__core__cortex_m.a(thread.c.obj)
                0x0000000000008e68                arch_irq_unlock_outlined
 .text.z_arm_cpu_idle_init
                0x0000000000008e78        0xc zephyr/arch/arch/arm/core/cortex_m/libarch__arm__core__cortex_m.a(cpu_idle.c.obj)
                0x0000000000008e78                z_arm_cpu_idle_init
 .text.arch_cpu_idle
                0x0000000000008e84       0x1c zephyr/arch/arch/arm/core/cortex_m/libarch__arm__core__cortex_m.a(cpu_idle.c.obj)
                0x0000000000008e84                arch_cpu_idle
 .text.arch_cpu_atomic_idle
                0x0000000000008ea0       0x20 zephyr/arch/arch/arm/core/cortex_m/libarch__arm__core__cortex_m.a(cpu_idle.c.obj)
                0x0000000000008ea0                arch_cpu_atomic_idle
 .text.z_arm_interrupt_init
                0x0000000000008ec0       0x18 zephyr/arch/arch/arm/core/cortex_m/libarch__arm__core__cortex_m.a(irq_init.c.obj)
                0x0000000000008ec0                z_arm_interrupt_init
 .text._isr_wrapper
                0x0000000000008ed8       0x24 zephyr/arch/arch/arm/core/cortex_m/libarch__arm__core__cortex_m.a(isr_wrapper.c.obj)
                0x0000000000008ed8                _isr_wrapper
 .text.z_arm_configure_static_mpu_regions
                0x0000000000008efc       0x18 zephyr/arch/arch/arm/core/mpu/libarch__arm__core__mpu.a(arm_core_mpu.c.obj)
                0x0000000000008efc                z_arm_configure_static_mpu_regions
 .text.z_arm_configure_dynamic_mpu_regions
                0x0000000000008f14       0x24 zephyr/arch/arch/arm/core/mpu/libarch__arm__core__mpu.a(arm_core_mpu.c.obj)
                0x0000000000008f14                z_arm_configure_dynamic_mpu_regions
 .text.arm_core_mpu_configure_static_mpu_regions
                0x0000000000008f38       0xdc zephyr/arch/arch/arm/core/mpu/libarch__arm__core__mpu.a(arm_mpu.c.obj)
                0x0000000000008f38                arm_core_mpu_configure_static_mpu_regions
 .text.arm_core_mpu_configure_dynamic_mpu_regions
                0x0000000000009014       0xec zephyr/arch/arch/arm/core/mpu/libarch__arm__core__mpu.a(arm_mpu.c.obj)
                0x0000000000009014                arm_core_mpu_configure_dynamic_mpu_regions
 .text.z_arm_mpu_init
                0x0000000000009100      0x354 zephyr/arch/arch/arm/core/mpu/libarch__arm__core__mpu.a(arm_mpu.c.obj)
                0x0000000000009100                z_arm_mpu_init
 .text.__assert_no_args
                0x0000000000009454       0x24 zephyr/lib/libc/picolibc/liblib__libc__picolibc.a(libc-hooks.c.obj)
                0x0000000000009454                __assert_no_args
 .text.malloc_prepare
                0x0000000000009478       0x24 zephyr/lib/libc/common/liblib__libc__common.a(malloc.c.obj)
 .text.nordicsemi_nrf52_init
                0x000000000000949c       0x18 zephyr/soc/soc/nrf52833/libsoc__nordic.a(soc.c.obj)
 .text.arch_busy_wait
                0x00000000000094b4       0x14 zephyr/soc/soc/nrf52833/libsoc__nordic.a(soc.c.obj)
                0x00000000000094b4                arch_busy_wait
 .text.xoshiro128_initialize
                0x00000000000094c8       0x18 zephyr/subsys/random/libsubsys__random.a(random_xoshiro128.c.obj)
 .text.z_impl_sys_rand_get
                0x00000000000094e0      0x12c zephyr/subsys/random/libsubsys__random.a(random_xoshiro128.c.obj)
                0x00000000000094e0                z_impl_sys_rand_get
 .text.long_wq_init
                0x000000000000960c       0x38 zephyr/subsys/bluetooth/host/libsubsys__bluetooth__host.a(long_wq.c.obj)
 .text.bt_long_wq_schedule
                0x0000000000009644        0xc zephyr/subsys/bluetooth/host/libsubsys__bluetooth__host.a(long_wq.c.obj)
                0x0000000000009644                bt_long_wq_schedule
 .text.uuid_to_uuid128
                0x0000000000009650       0x88 zephyr/subsys/bluetooth/host/libsubsys__bluetooth__host.a(uuid.c.obj)
 .text.bt_uuid_cmp
                0x00000000000096d8       0x64 zephyr/subsys/bluetooth/host/libsubsys__bluetooth__host.a(uuid.c.obj)
                0x00000000000096d8                bt_uuid_cmp
 .text.bt_uuid_create
                0x000000000000973c       0x50 zephyr/subsys/bluetooth/host/libsubsys__bluetooth__host.a(uuid.c.obj)
                0x000000000000973c                bt_uuid_create
 .text.bt_addr_le_create_static
                0x000000000000978c       0x1c zephyr/subsys/bluetooth/host/libsubsys__bluetooth__host.a(addr.c.obj)
                0x000000000000978c                bt_addr_le_create_static
 .text.bt_addr_le_copy_resolved
                0x00000000000097a8       0x1c zephyr/subsys/bluetooth/host/libsubsys__bluetooth__host.a(addr.c.obj)
                0x00000000000097a8                bt_addr_le_copy_resolved
 .text.bt_addr_le_is_resolved
                0x00000000000097c4        0x8 zephyr/subsys/bluetooth/host/libsubsys__bluetooth__host.a(addr.c.obj)
                0x00000000000097c4                bt_addr_le_is_resolved
 .text.bt_buf_get_rx
                0x00000000000097cc       0x58 zephyr/subsys/bluetooth/host/libsubsys__bluetooth__host.a(buf.c.obj)
                0x00000000000097cc                bt_buf_get_rx
 .text.bt_buf_get_evt
                0x0000000000009824       0x50 zephyr/subsys/bluetooth/host/libsubsys__bluetooth__host.a(buf.c.obj)
                0x0000000000009824                bt_buf_get_evt
 .text.hci_data_buf_overflow
                0x0000000000009874        0x4 zephyr/subsys/bluetooth/host/libsubsys__bluetooth__host.a(hci_core.c.obj)
 .text.hci_disconn_complete_prio
                0x0000000000009878       0x64 zephyr/subsys/bluetooth/host/libsubsys__bluetooth__host.a(hci_core.c.obj)
 .text.hci_disconn_complete
                0x00000000000098dc       0x2c zephyr/subsys/bluetooth/host/libsubsys__bluetooth__host.a(hci_core.c.obj)
 .text.le_phy_update_complete
                0x0000000000009908       0x1c zephyr/subsys/bluetooth/host/libsubsys__bluetooth__host.a(hci_core.c.obj)
 .text.le_data_len_change
                0x0000000000009924       0x18 zephyr/subsys/bluetooth/host/libsubsys__bluetooth__host.a(hci_core.c.obj)
 .text.hci_num_completed_packets
                0x000000000000993c       0xf0 zephyr/subsys/bluetooth/host/libsubsys__bluetooth__host.a(hci_core.c.obj)
 .text.le_remote_feat_complete
                0x0000000000009a2c       0x4c zephyr/subsys/bluetooth/host/libsubsys__bluetooth__host.a(hci_core.c.obj)
 .text.hci_hardware_error
                0x0000000000009a78        0x8 zephyr/subsys/bluetooth/host/libsubsys__bluetooth__host.a(hci_core.c.obj)
 .text.hci_cmd_done.part.0
                0x0000000000009a80      0x150 zephyr/subsys/bluetooth/host/libsubsys__bluetooth__host.a(hci_core.c.obj)
 .text.hci_cmd_complete
                0x0000000000009bd0       0x40 zephyr/subsys/bluetooth/host/libsubsys__bluetooth__host.a(hci_core.c.obj)
 .text.hci_tx_thread
                0x0000000000009c10      0x140 zephyr/subsys/bluetooth/host/libsubsys__bluetooth__host.a(hci_core.c.obj)
 .text.le_conn_update_complete
                0x0000000000009d50       0xf0 zephyr/subsys/bluetooth/host/libsubsys__bluetooth__host.a(hci_core.c.obj)
 .text.rx_work_handler
                0x0000000000009e40      0x104 zephyr/subsys/bluetooth/host/libsubsys__bluetooth__host.a(hci_core.c.obj)
 .text.hci_cmd_status
                0x0000000000009f44       0x34 zephyr/subsys/bluetooth/host/libsubsys__bluetooth__host.a(hci_core.c.obj)
 .text.hci_le_meta_event
                0x0000000000009f78       0x38 zephyr/subsys/bluetooth/host/libsubsys__bluetooth__host.a(hci_core.c.obj)
 .text.hci_vendor_event
                0x0000000000009fb0        0x8 zephyr/subsys/bluetooth/host/libsubsys__bluetooth__host.a(hci_core.c.obj)
 .text.bt_hci_cmd_state_set_init
                0x0000000000009fb8       0x24 zephyr/subsys/bluetooth/host/libsubsys__bluetooth__host.a(hci_core.c.obj)
                0x0000000000009fb8                bt_hci_cmd_state_set_init
 .text.bt_hci_cmd_create
                0x0000000000009fdc       0x7c zephyr/subsys/bluetooth/host/libsubsys__bluetooth__host.a(hci_core.c.obj)
                0x0000000000009fdc                bt_hci_cmd_create
 .text.le_conn_param_neg_reply
                0x000000000000a058       0x34 zephyr/subsys/bluetooth/host/libsubsys__bluetooth__host.a(hci_core.c.obj)
 .text.le_conn_param_req
                0x000000000000a08c       0x90 zephyr/subsys/bluetooth/host/libsubsys__bluetooth__host.a(hci_core.c.obj)
 .text.bt_hci_cmd_send_sync
                0x000000000000a11c       0xfc zephyr/subsys/bluetooth/host/libsubsys__bluetooth__host.a(hci_core.c.obj)
                0x000000000000a11c                bt_hci_cmd_send_sync
 .text.bt_init  0x000000000000a218      0x450 zephyr/subsys/bluetooth/host/libsubsys__bluetooth__host.a(hci_core.c.obj)
 .text.init_work
                0x000000000000a668       0x18 zephyr/subsys/bluetooth/host/libsubsys__bluetooth__host.a(hci_core.c.obj)
 .text.bt_hci_le_rand
                0x000000000000a680       0x64 zephyr/subsys/bluetooth/host/libsubsys__bluetooth__host.a(hci_core.c.obj)
                0x000000000000a680                bt_hci_le_rand
 .text.bt_le_set_data_len
                0x000000000000a6e4       0x3c zephyr/subsys/bluetooth/host/libsubsys__bluetooth__host.a(hci_core.c.obj)
                0x000000000000a6e4                bt_le_set_data_len
 .text.bt_le_set_phy
                0x000000000000a720       0x50 zephyr/subsys/bluetooth/host/libsubsys__bluetooth__host.a(hci_core.c.obj)
                0x000000000000a720                bt_le_set_phy
 .text.bt_hci_le_enh_conn_complete
                0x000000000000a770      0x270 zephyr/subsys/bluetooth/host/libsubsys__bluetooth__host.a(hci_core.c.obj)
                0x000000000000a770                bt_hci_le_enh_conn_complete
 .text.enh_conn_complete
                0x000000000000a9e0       0xa4 zephyr/subsys/bluetooth/host/libsubsys__bluetooth__host.a(hci_core.c.obj)
 .text.le_enh_conn_complete
                0x000000000000aa84        0x8 zephyr/subsys/bluetooth/host/libsubsys__bluetooth__host.a(hci_core.c.obj)
 .text.le_legacy_conn_complete
                0x000000000000aa8c       0x74 zephyr/subsys/bluetooth/host/libsubsys__bluetooth__host.a(hci_core.c.obj)
 .text.bt_le_conn_params_valid
                0x000000000000ab00       0x44 zephyr/subsys/bluetooth/host/libsubsys__bluetooth__host.a(hci_core.c.obj)
                0x000000000000ab00                bt_le_conn_params_valid
 .text.bt_send  0x000000000000ab44       0x10 zephyr/subsys/bluetooth/host/libsubsys__bluetooth__host.a(hci_core.c.obj)
                0x000000000000ab44                bt_send
 .text.hci_event_prio
                0x000000000000ab54       0xc4 zephyr/subsys/bluetooth/host/libsubsys__bluetooth__host.a(hci_core.c.obj)
                0x000000000000ab54                hci_event_prio
 .text.bt_recv  0x000000000000ac18       0xbc zephyr/subsys/bluetooth/host/libsubsys__bluetooth__host.a(hci_core.c.obj)
                0x000000000000ac18                bt_recv
 .text.bt_hci_driver_register
                0x000000000000acd4       0x28 zephyr/subsys/bluetooth/host/libsubsys__bluetooth__host.a(hci_core.c.obj)
                0x000000000000acd4                bt_hci_driver_register
 .text.bt_enable
                0x000000000000acfc      0x104 zephyr/subsys/bluetooth/host/libsubsys__bluetooth__host.a(hci_core.c.obj)
                0x000000000000acfc                bt_enable
 .text.bt_is_ready
                0x000000000000ae00       0x18 zephyr/subsys/bluetooth/host/libsubsys__bluetooth__host.a(hci_core.c.obj)
                0x000000000000ae00                bt_is_ready
 .text.bt_get_name
                0x000000000000ae18        0x8 zephyr/subsys/bluetooth/host/libsubsys__bluetooth__host.a(hci_core.c.obj)
                0x000000000000ae18                bt_get_name
 .text.bt_get_appearance
                0x000000000000ae20        0x4 zephyr/subsys/bluetooth/host/libsubsys__bluetooth__host.a(hci_core.c.obj)
                0x000000000000ae20                bt_get_appearance
 .text.bt_addr_le_is_bonded
                0x000000000000ae24        0x4 zephyr/subsys/bluetooth/host/libsubsys__bluetooth__host.a(hci_core.c.obj)
                0x000000000000ae24                bt_addr_le_is_bonded
 .text.bt_hci_cmd_complete_create
                0x000000000000ae28       0x44 zephyr/subsys/bluetooth/host/libsubsys__bluetooth__host.a(hci_common.c.obj)
                0x000000000000ae28                bt_hci_cmd_complete_create
 .text.bt_hci_cmd_status_create
                0x000000000000ae6c       0x40 zephyr/subsys/bluetooth/host/libsubsys__bluetooth__host.a(hci_common.c.obj)
                0x000000000000ae6c                bt_hci_cmd_status_create
 .text.set_random_address
                0x000000000000aeac       0x5c zephyr/subsys/bluetooth/host/libsubsys__bluetooth__host.a(id.c.obj)
 .text.id_create.constprop.0
                0x000000000000af08       0xa4 zephyr/subsys/bluetooth/host/libsubsys__bluetooth__host.a(id.c.obj)
 .text.bt_lookup_id_addr
                0x000000000000afac        0xc zephyr/subsys/bluetooth/host/libsubsys__bluetooth__host.a(id.c.obj)
                0x000000000000afac                bt_lookup_id_addr
 .text.bt_id_set_adv_random_addr
                0x000000000000afb8       0xac zephyr/subsys/bluetooth/host/libsubsys__bluetooth__host.a(id.c.obj)
                0x000000000000afb8                bt_id_set_adv_random_addr
 .text.bt_id_set_adv_private_addr
                0x000000000000b064       0x30 zephyr/subsys/bluetooth/host/libsubsys__bluetooth__host.a(id.c.obj)
                0x000000000000b064                bt_id_set_adv_private_addr
 .text.bt_id_adv_limited_stopped
                0x000000000000b094       0x1c zephyr/subsys/bluetooth/host/libsubsys__bluetooth__host.a(id.c.obj)
                0x000000000000b094                bt_id_adv_limited_stopped
 .text.bt_id_create
                0x000000000000b0b0       0xd4 zephyr/subsys/bluetooth/host/libsubsys__bluetooth__host.a(id.c.obj)
                0x000000000000b0b0                bt_id_create
 .text.bt_id_read_public_addr
                0x000000000000b184       0x74 zephyr/subsys/bluetooth/host/libsubsys__bluetooth__host.a(id.c.obj)
                0x000000000000b184                bt_id_read_public_addr
 .text.bt_setup_random_id_addr
                0x000000000000b1f8       0xc8 zephyr/subsys/bluetooth/host/libsubsys__bluetooth__host.a(id.c.obj)
                0x000000000000b1f8                bt_setup_random_id_addr
 .text.bt_id_set_adv_own_addr
                0x000000000000b2c0       0xfc zephyr/subsys/bluetooth/host/libsubsys__bluetooth__host.a(id.c.obj)
                0x000000000000b2c0                bt_id_set_adv_own_addr
 .text.bt_id_init
                0x000000000000b3bc       0x54 zephyr/subsys/bluetooth/host/libsubsys__bluetooth__host.a(id.c.obj)
                0x000000000000b3bc                bt_id_init
 .text.bt_le_per_adv_enable
                0x000000000000b410       0xac zephyr/subsys/bluetooth/host/libsubsys__bluetooth__host.a(adv.c.obj)
 .text.ad_stream_read
                0x000000000000b4bc       0xf4 zephyr/subsys/bluetooth/host/libsubsys__bluetooth__host.a(adv.c.obj)
 .text.hci_set_ad_ext
                0x000000000000b5b0      0x234 zephyr/subsys/bluetooth/host/libsubsys__bluetooth__host.a(adv.c.obj)
 .text.le_adv_update
                0x000000000000b7e4      0x140 zephyr/subsys/bluetooth/host/libsubsys__bluetooth__host.a(adv.c.obj)
 .text.adv_new  0x000000000000b924       0x80 zephyr/subsys/bluetooth/host/libsubsys__bluetooth__host.a(adv.c.obj)
 .text.valid_adv_ext_param
                0x000000000000b9a4       0xa4 zephyr/subsys/bluetooth/host/libsubsys__bluetooth__host.a(adv.c.obj)
 .text.le_adv_start_add_conn
                0x000000000000ba48       0x6c zephyr/subsys/bluetooth/host/libsubsys__bluetooth__host.a(adv.c.obj)
 .text.le_adv_stop_free_conn
                0x000000000000bab4       0x54 zephyr/subsys/bluetooth/host/libsubsys__bluetooth__host.a(adv.c.obj)
 .text.le_ext_adv_param_set
                0x000000000000bb08      0x3c0 zephyr/subsys/bluetooth/host/libsubsys__bluetooth__host.a(adv.c.obj)
 .text.bt_le_adv_set_enable_ext
                0x000000000000bec8       0x8c zephyr/subsys/bluetooth/host/libsubsys__bluetooth__host.a(adv.c.obj)
                0x000000000000bec8                bt_le_adv_set_enable_ext
 .text.bt_le_adv_resume
                0x000000000000bf54      0x10c zephyr/subsys/bluetooth/host/libsubsys__bluetooth__host.a(adv.c.obj)
                0x000000000000bf54                bt_le_adv_resume
 .text.bt_le_ext_adv_create
                0x000000000000c060       0x6c zephyr/subsys/bluetooth/host/libsubsys__bluetooth__host.a(adv.c.obj)
                0x000000000000c060                bt_le_ext_adv_create
 .text.bt_le_ext_adv_stop
                0x000000000000c0cc       0x90 zephyr/subsys/bluetooth/host/libsubsys__bluetooth__host.a(adv.c.obj)
                0x000000000000c0cc                bt_le_ext_adv_stop
 .text.bt_le_ext_adv_set_data
                0x000000000000c15c       0x64 zephyr/subsys/bluetooth/host/libsubsys__bluetooth__host.a(adv.c.obj)
                0x000000000000c15c                bt_le_ext_adv_set_data
 .text.bt_le_ext_adv_start
                0x000000000000c1c0      0x118 zephyr/subsys/bluetooth/host/libsubsys__bluetooth__host.a(adv.c.obj)
                0x000000000000c1c0                bt_le_ext_adv_start
 .text.bt_le_per_adv_set_param
                0x000000000000c2d8      0x104 zephyr/subsys/bluetooth/host/libsubsys__bluetooth__host.a(adv.c.obj)
                0x000000000000c2d8                bt_le_per_adv_set_param
 .text.bt_le_per_adv_start
                0x000000000000c3dc        0x8 zephyr/subsys/bluetooth/host/libsubsys__bluetooth__host.a(adv.c.obj)
                0x000000000000c3dc                bt_le_per_adv_start
 .text.bt_le_per_adv_stop
                0x000000000000c3e4        0x8 zephyr/subsys/bluetooth/host/libsubsys__bluetooth__host.a(adv.c.obj)
                0x000000000000c3e4                bt_le_per_adv_stop
 .text.bt_hci_le_adv_set_terminated
                0x000000000000c3ec      0x204 zephyr/subsys/bluetooth/host/libsubsys__bluetooth__host.a(adv.c.obj)
                0x000000000000c3ec                bt_hci_le_adv_set_terminated
 .text.bt_hci_le_scan_req_received
                0x000000000000c5f0       0x98 zephyr/subsys/bluetooth/host/libsubsys__bluetooth__host.a(adv.c.obj)
                0x000000000000c5f0                bt_hci_le_scan_req_received
 .text.notify_connected
                0x000000000000c688       0x70 zephyr/subsys/bluetooth/host/libsubsys__bluetooth__host.a(conn.c.obj)
 .text.tx_notify
                0x000000000000c6f8       0xa4 zephyr/subsys/bluetooth/host/libsubsys__bluetooth__host.a(conn.c.obj)
 .text.tx_complete_work
                0x000000000000c79c        0x8 zephyr/subsys/bluetooth/host/libsubsys__bluetooth__host.a(conn.c.obj)
 .text.wait_for_tx_work
                0x000000000000c7a4       0x70 zephyr/subsys/bluetooth/host/libsubsys__bluetooth__host.a(conn.c.obj)
 .text.conn_tx_destroy
                0x000000000000c814       0x4c zephyr/subsys/bluetooth/host/libsubsys__bluetooth__host.a(conn.c.obj)
 .text.send_frag
                0x000000000000c860      0x1bc zephyr/subsys/bluetooth/host/libsubsys__bluetooth__host.a(conn.c.obj)
 .text.conn_cleanup
                0x000000000000ca1c       0xbc zephyr/subsys/bluetooth/host/libsubsys__bluetooth__host.a(conn.c.obj)
 .text.bt_conn_get_pkts
                0x000000000000cad8       0x18 zephyr/subsys/bluetooth/host/libsubsys__bluetooth__host.a(conn.c.obj)
                0x000000000000cad8                bt_conn_get_pkts
 .text.bt_conn_recv
                0x000000000000caf0       0xa0 zephyr/subsys/bluetooth/host/libsubsys__bluetooth__host.a(conn.c.obj)
                0x000000000000caf0                bt_conn_recv
 .text.bt_conn_send_cb
                0x000000000000cb90       0x9c zephyr/subsys/bluetooth/host/libsubsys__bluetooth__host.a(conn.c.obj)
                0x000000000000cb90                bt_conn_send_cb
 .text.bt_conn_prepare_events
                0x000000000000cc2c       0xbc zephyr/subsys/bluetooth/host/libsubsys__bluetooth__host.a(conn.c.obj)
                0x000000000000cc2c                bt_conn_prepare_events
 .text.bt_conn_ref
                0x000000000000cce8       0x5c zephyr/subsys/bluetooth/host/libsubsys__bluetooth__host.a(conn.c.obj)
                0x000000000000cce8                bt_conn_ref
 .text.bt_conn_unref
                0x000000000000cd44       0xfc zephyr/subsys/bluetooth/host/libsubsys__bluetooth__host.a(conn.c.obj)
                0x000000000000cd44                bt_conn_unref
 .text.bt_conn_set_state
                0x000000000000ce40      0x178 zephyr/subsys/bluetooth/host/libsubsys__bluetooth__host.a(conn.c.obj)
                0x000000000000ce40                bt_conn_set_state
 .text.bt_conn_lookup_handle
                0x000000000000cfb8       0x58 zephyr/subsys/bluetooth/host/libsubsys__bluetooth__host.a(conn.c.obj)
                0x000000000000cfb8                bt_conn_lookup_handle
 .text.bt_conn_index
                0x000000000000d010       0x4c zephyr/subsys/bluetooth/host/libsubsys__bluetooth__host.a(conn.c.obj)
                0x000000000000d010                bt_conn_index
 .text.bt_conn_create_pdu_timeout
                0x000000000000d05c       0x84 zephyr/subsys/bluetooth/host/libsubsys__bluetooth__host.a(conn.c.obj)
                0x000000000000d05c                bt_conn_create_pdu_timeout
 .text.bt_conn_process_tx
                0x000000000000d0e0      0x14c zephyr/subsys/bluetooth/host/libsubsys__bluetooth__host.a(conn.c.obj)
                0x000000000000d0e0                bt_conn_process_tx
 .text.bt_conn_connected
                0x000000000000d22c       0x14 zephyr/subsys/bluetooth/host/libsubsys__bluetooth__host.a(conn.c.obj)
                0x000000000000d22c                bt_conn_connected
 .text.notify_le_param_updated
                0x000000000000d240       0xcc zephyr/subsys/bluetooth/host/libsubsys__bluetooth__host.a(conn.c.obj)
                0x000000000000d240                notify_le_param_updated
 .text.le_param_req
                0x000000000000d30c       0x9c zephyr/subsys/bluetooth/host/libsubsys__bluetooth__host.a(conn.c.obj)
                0x000000000000d30c                le_param_req
 .text.bt_conn_add_le
                0x000000000000d3a8       0xa4 zephyr/subsys/bluetooth/host/libsubsys__bluetooth__host.a(conn.c.obj)
                0x000000000000d3a8                bt_conn_add_le
 .text.bt_conn_is_peer_addr_le
                0x000000000000d44c       0x4c zephyr/subsys/bluetooth/host/libsubsys__bluetooth__host.a(conn.c.obj)
                0x000000000000d44c                bt_conn_is_peer_addr_le
 .text.bt_conn_lookup_addr_le
                0x000000000000d498       0x70 zephyr/subsys/bluetooth/host/libsubsys__bluetooth__host.a(conn.c.obj)
                0x000000000000d498                bt_conn_lookup_addr_le
 .text.bt_conn_exists_le
                0x000000000000d508       0x14 zephyr/subsys/bluetooth/host/libsubsys__bluetooth__host.a(conn.c.obj)
                0x000000000000d508                bt_conn_exists_le
 .text.bt_conn_lookup_state_le
                0x000000000000d51c       0x80 zephyr/subsys/bluetooth/host/libsubsys__bluetooth__host.a(conn.c.obj)
                0x000000000000d51c                bt_conn_lookup_state_le
 .text.bt_conn_get_dst
                0x000000000000d59c        0x4 zephyr/subsys/bluetooth/host/libsubsys__bluetooth__host.a(conn.c.obj)
                0x000000000000d59c                bt_conn_get_dst
 .text.bt_conn_le_conn_update
                0x000000000000d5a0       0x50 zephyr/subsys/bluetooth/host/libsubsys__bluetooth__host.a(conn.c.obj)
                0x000000000000d5a0                bt_conn_le_conn_update
 .text.send_conn_le_param_update
                0x000000000000d5f0       0x74 zephyr/subsys/bluetooth/host/libsubsys__bluetooth__host.a(conn.c.obj)
 .text.deferred_work
                0x000000000000d664      0x138 zephyr/subsys/bluetooth/host/libsubsys__bluetooth__host.a(conn.c.obj)
 .text.bt_conn_init
                0x000000000000d79c       0x44 zephyr/subsys/bluetooth/host/libsubsys__bluetooth__host.a(conn.c.obj)
                0x000000000000d79c                bt_conn_init
 .text.l2cap_connected
                0x000000000000d7e0        0x4 zephyr/subsys/bluetooth/host/libsubsys__bluetooth__host.a(l2cap.c.obj)
 .text.l2cap_accept
                0x000000000000d7e4       0x3c zephyr/subsys/bluetooth/host/libsubsys__bluetooth__host.a(l2cap.c.obj)
 .text.l2cap_disconnected
                0x000000000000d820        0x4 zephyr/subsys/bluetooth/host/libsubsys__bluetooth__host.a(l2cap.c.obj)
 .text.l2cap_recv
                0x000000000000d824       0x9c zephyr/subsys/bluetooth/host/libsubsys__bluetooth__host.a(l2cap.c.obj)
 .text.bt_l2cap_chan_del
                0x000000000000d8c0       0x2c zephyr/subsys/bluetooth/host/libsubsys__bluetooth__host.a(l2cap.c.obj)
                0x000000000000d8c0                bt_l2cap_chan_del
 .text.bt_l2cap_connected
                0x000000000000d8ec       0xd8 zephyr/subsys/bluetooth/host/libsubsys__bluetooth__host.a(l2cap.c.obj)
                0x000000000000d8ec                bt_l2cap_connected
 .text.bt_l2cap_disconnected
                0x000000000000d9c4       0x40 zephyr/subsys/bluetooth/host/libsubsys__bluetooth__host.a(l2cap.c.obj)
                0x000000000000d9c4                bt_l2cap_disconnected
 .text.bt_l2cap_create_pdu_timeout
                0x000000000000da04        0x8 zephyr/subsys/bluetooth/host/libsubsys__bluetooth__host.a(l2cap.c.obj)
                0x000000000000da04                bt_l2cap_create_pdu_timeout
 .text.bt_l2cap_send_cb
                0x000000000000da0c       0x3c zephyr/subsys/bluetooth/host/libsubsys__bluetooth__host.a(l2cap.c.obj)
                0x000000000000da0c                bt_l2cap_send_cb
 .text.bt_l2cap_le_lookup_rx_cid
                0x000000000000da48       0x18 zephyr/subsys/bluetooth/host/libsubsys__bluetooth__host.a(l2cap.c.obj)
                0x000000000000da48                bt_l2cap_le_lookup_rx_cid
 .text.bt_l2cap_recv
                0x000000000000da60       0x48 zephyr/subsys/bluetooth/host/libsubsys__bluetooth__host.a(l2cap.c.obj)
                0x000000000000da60                bt_l2cap_recv
 .text.bt_l2cap_update_conn_param
                0x000000000000daa8       0xb0 zephyr/subsys/bluetooth/host/libsubsys__bluetooth__host.a(l2cap.c.obj)
                0x000000000000daa8                bt_l2cap_update_conn_param
 .text.bt_l2cap_init
                0x000000000000db58        0x4 zephyr/subsys/bluetooth/host/libsubsys__bluetooth__host.a(l2cap.c.obj)
                0x000000000000db58                bt_l2cap_init
 .text.attr_read_type_cb
                0x000000000000db5c       0x28 zephyr/subsys/bluetooth/host/libsubsys__bluetooth__host.a(att.c.obj)
 .text.att_prepare_write_req
                0x000000000000db84        0x4 zephyr/subsys/bluetooth/host/libsubsys__bluetooth__host.a(att.c.obj)
 .text.att_op_get_type
                0x000000000000db88       0xa0 zephyr/subsys/bluetooth/host/libsubsys__bluetooth__host.a(att.c.obj)
 .text.bt_att_released
                0x000000000000dc28        0xc zephyr/subsys/bluetooth/host/libsubsys__bluetooth__host.a(att.c.obj)
 .text.write_cb
                0x000000000000dc34       0x6c zephyr/subsys/bluetooth/host/libsubsys__bluetooth__host.a(att.c.obj)
 .text.att_chan_read
                0x000000000000dca0      0x1c8 zephyr/subsys/bluetooth/host/libsubsys__bluetooth__host.a(att.c.obj)
 .text.read_group_cb
                0x000000000000de68       0xc8 zephyr/subsys/bluetooth/host/libsubsys__bluetooth__host.a(att.c.obj)
 .text.read_vl_cb
                0x000000000000df30       0x74 zephyr/subsys/bluetooth/host/libsubsys__bluetooth__host.a(att.c.obj)
 .text.read_cb  0x000000000000dfa4       0x4c zephyr/subsys/bluetooth/host/libsubsys__bluetooth__host.a(att.c.obj)
 .text.read_type_cb
                0x000000000000dff0       0xbc zephyr/subsys/bluetooth/host/libsubsys__bluetooth__host.a(att.c.obj)
 .text.find_type_cb
                0x000000000000e0ac      0x174 zephyr/subsys/bluetooth/host/libsubsys__bluetooth__host.a(att.c.obj)
 .text.find_info_cb
                0x000000000000e220       0xd0 zephyr/subsys/bluetooth/host/libsubsys__bluetooth__host.a(att.c.obj)
 .text.att_chan_mtu_updated
                0x000000000000e2f0       0x7c zephyr/subsys/bluetooth/host/libsubsys__bluetooth__host.a(att.c.obj)
 .text.bt_att_connected
                0x000000000000e36c       0x40 zephyr/subsys/bluetooth/host/libsubsys__bluetooth__host.a(att.c.obj)
 .text.attr_read_group_cb
                0x000000000000e3ac       0x28 zephyr/subsys/bluetooth/host/libsubsys__bluetooth__host.a(att.c.obj)
 .text.bt_att_get_tx_meta_data.part.0
                0x000000000000e3d4       0x24 zephyr/subsys/bluetooth/host/libsubsys__bluetooth__host.a(att.c.obj)
 .text.bt_att_accept
                0x000000000000e3f8       0xd8 zephyr/subsys/bluetooth/host/libsubsys__bluetooth__host.a(att.c.obj)
 .text.att_exec_write_req
                0x000000000000e4d0        0x4 zephyr/subsys/bluetooth/host/libsubsys__bluetooth__host.a(att.c.obj)
 .text.bt_att_chan_create_pdu
                0x000000000000e4d4       0x84 zephyr/subsys/bluetooth/host/libsubsys__bluetooth__host.a(att.c.obj)
 .text.chan_send
                0x000000000000e558       0xf4 zephyr/subsys/bluetooth/host/libsubsys__bluetooth__host.a(att.c.obj)
 .text.chan_req_send
                0x000000000000e64c       0x6c zephyr/subsys/bluetooth/host/libsubsys__bluetooth__host.a(att.c.obj)
 .text.bt_att_chan_req_send
                0x000000000000e6b8       0x90 zephyr/subsys/bluetooth/host/libsubsys__bluetooth__host.a(att.c.obj)
 .text.bt_att_status
                0x000000000000e748       0x50 zephyr/subsys/bluetooth/host/libsubsys__bluetooth__host.a(att.c.obj)
 .text.att_req_send_process
                0x000000000000e798       0x68 zephyr/subsys/bluetooth/host/libsubsys__bluetooth__host.a(att.c.obj)
 .text.att_handle_rsp
                0x000000000000e800       0x94 zephyr/subsys/bluetooth/host/libsubsys__bluetooth__host.a(att.c.obj)
 .text.att_confirm
                0x000000000000e894        0xc zephyr/subsys/bluetooth/host/libsubsys__bluetooth__host.a(att.c.obj)
 .text.bt_att_disconnected
                0x000000000000e8a0      0x12c zephyr/subsys/bluetooth/host/libsubsys__bluetooth__host.a(att.c.obj)
 .text.att_timeout
                0x000000000000e9cc       0xa0 zephyr/subsys/bluetooth/host/libsubsys__bluetooth__host.a(att.c.obj)
 .text.send_err_rsp.part.0
                0x000000000000ea6c       0x48 zephyr/subsys/bluetooth/host/libsubsys__bluetooth__host.a(att.c.obj)
 .text.bt_att_recv
                0x000000000000eab4       0xa4 zephyr/subsys/bluetooth/host/libsubsys__bluetooth__host.a(att.c.obj)
 .text.att_write_rsp.constprop.0
                0x000000000000eb58      0x128 zephyr/subsys/bluetooth/host/libsubsys__bluetooth__host.a(att.c.obj)
 .text.att_write_req
                0x000000000000ec80       0x28 zephyr/subsys/bluetooth/host/libsubsys__bluetooth__host.a(att.c.obj)
 .text.att_write_cmd
                0x000000000000eca8       0x28 zephyr/subsys/bluetooth/host/libsubsys__bluetooth__host.a(att.c.obj)
 .text.bt_att_sent
                0x000000000000ecd0       0xa8 zephyr/subsys/bluetooth/host/libsubsys__bluetooth__host.a(att.c.obj)
 .text.att_tx_destroy
                0x000000000000ed78      0x144 zephyr/subsys/bluetooth/host/libsubsys__bluetooth__host.a(att.c.obj)
 .text.bt_att_create_pdu
                0x000000000000eebc       0x68 zephyr/subsys/bluetooth/host/libsubsys__bluetooth__host.a(att.c.obj)
                0x000000000000eebc                bt_att_create_pdu
 .text.bt_att_create_rsp_pdu
                0x000000000000ef24       0x60 zephyr/subsys/bluetooth/host/libsubsys__bluetooth__host.a(att.c.obj)
                0x000000000000ef24                bt_att_create_rsp_pdu
 .text.att_read_group_req
                0x000000000000ef84      0x128 zephyr/subsys/bluetooth/host/libsubsys__bluetooth__host.a(att.c.obj)
 .text.att_read_mult_vl_req
                0x000000000000f0ac       0xcc zephyr/subsys/bluetooth/host/libsubsys__bluetooth__host.a(att.c.obj)
 .text.att_read_mult_req
                0x000000000000f178       0xcc zephyr/subsys/bluetooth/host/libsubsys__bluetooth__host.a(att.c.obj)
 .text.att_read_rsp
                0x000000000000f244       0xc8 zephyr/subsys/bluetooth/host/libsubsys__bluetooth__host.a(att.c.obj)
 .text.att_read_blob_req
                0x000000000000f30c       0x18 zephyr/subsys/bluetooth/host/libsubsys__bluetooth__host.a(att.c.obj)
 .text.att_read_req
                0x000000000000f324       0x18 zephyr/subsys/bluetooth/host/libsubsys__bluetooth__host.a(att.c.obj)
 .text.att_read_type_req
                0x000000000000f33c       0xe8 zephyr/subsys/bluetooth/host/libsubsys__bluetooth__host.a(att.c.obj)
 .text.att_find_type_req
                0x000000000000f424       0xf4 zephyr/subsys/bluetooth/host/libsubsys__bluetooth__host.a(att.c.obj)
 .text.att_find_info_req
                0x000000000000f518       0x94 zephyr/subsys/bluetooth/host/libsubsys__bluetooth__host.a(att.c.obj)
 .text.att_mtu_req
                0x000000000000f5ac       0x58 zephyr/subsys/bluetooth/host/libsubsys__bluetooth__host.a(att.c.obj)
 .text.bt_att_init
                0x000000000000f604        0x4 zephyr/subsys/bluetooth/host/libsubsys__bluetooth__host.a(att.c.obj)
                0x000000000000f604                bt_att_init
 .text.bt_att_req_alloc
                0x000000000000f608       0x50 zephyr/subsys/bluetooth/host/libsubsys__bluetooth__host.a(att.c.obj)
                0x000000000000f608                bt_att_req_alloc
 .text.bt_att_req_free
                0x000000000000f658       0x20 zephyr/subsys/bluetooth/host/libsubsys__bluetooth__host.a(att.c.obj)
                0x000000000000f658                bt_att_req_free
 .text.bt_att_send
                0x000000000000f678       0xe8 zephyr/subsys/bluetooth/host/libsubsys__bluetooth__host.a(att.c.obj)
                0x000000000000f678                bt_att_send
 .text.bt_att_req_send
                0x000000000000f760       0x9c zephyr/subsys/bluetooth/host/libsubsys__bluetooth__host.a(att.c.obj)
                0x000000000000f760                bt_att_req_send
 .text.bt_att_fixed_chan_only
                0x000000000000f7fc        0x4 zephyr/subsys/bluetooth/host/libsubsys__bluetooth__host.a(att.c.obj)
                0x000000000000f7fc                bt_att_fixed_chan_only
 .text.bt_att_clear_out_of_sync_sent
                0x000000000000f800       0x50 zephyr/subsys/bluetooth/host/libsubsys__bluetooth__host.a(att.c.obj)
                0x000000000000f800                bt_att_clear_out_of_sync_sent
 .text.bt_att_out_of_sync_sent_on_fixed
                0x000000000000f850       0x1c zephyr/subsys/bluetooth/host/libsubsys__bluetooth__host.a(att.c.obj)
                0x000000000000f850                bt_att_out_of_sync_sent_on_fixed
 .text.bt_att_set_tx_meta_data
                0x000000000000f86c       0x40 zephyr/subsys/bluetooth/host/libsubsys__bluetooth__host.a(att.c.obj)
                0x000000000000f86c                bt_att_set_tx_meta_data
 .text.find_next
                0x000000000000f8ac        0x8 zephyr/subsys/bluetooth/host/libsubsys__bluetooth__host.a(gatt.c.obj)
 .text.gatt_indicate_rsp
                0x000000000000f8b4       0x30 zephyr/subsys/bluetooth/host/libsubsys__bluetooth__host.a(gatt.c.obj)
 .text.match_uuid
                0x000000000000f8e4        0x8 zephyr/subsys/bluetooth/host/libsubsys__bluetooth__host.a(gatt.c.obj)
 .text.gen_hash_m
                0x000000000000f8ec       0xb8 zephyr/subsys/bluetooth/host/libsubsys__bluetooth__host.a(gatt.c.obj)
 .text.find_cf_cfg
                0x000000000000f9a4       0x68 zephyr/subsys/bluetooth/host/libsubsys__bluetooth__host.a(gatt.c.obj)
 .text.find_ccc_cfg
                0x000000000000fa0c       0x4c zephyr/subsys/bluetooth/host/libsubsys__bluetooth__host.a(gatt.c.obj)
 .text.read_ppcp
                0x000000000000fa58       0x3c zephyr/subsys/bluetooth/host/libsubsys__bluetooth__host.a(gatt.c.obj)
 .text.read_appearance
                0x000000000000fa94       0x3c zephyr/subsys/bluetooth/host/libsubsys__bluetooth__host.a(gatt.c.obj)
 .text.read_name
                0x000000000000fad0       0x40 zephyr/subsys/bluetooth/host/libsubsys__bluetooth__host.a(gatt.c.obj)
 .text.cf_read  0x000000000000fb10       0x44 zephyr/subsys/bluetooth/host/libsubsys__bluetooth__host.a(gatt.c.obj)
 .text.bt_gatt_attr_read_service
                0x000000000000fb54       0x5c zephyr/subsys/bluetooth/host/libsubsys__bluetooth__host.a(gatt.c.obj)
                0x000000000000fb54                bt_gatt_attr_read_service
 .text.bt_gatt_attr_read_ccc
                0x000000000000fbb0       0x44 zephyr/subsys/bluetooth/host/libsubsys__bluetooth__host.a(gatt.c.obj)
                0x000000000000fbb0                bt_gatt_attr_read_ccc
 .text.bt_gatt_attr_get_handle.part.0
                0x000000000000fbf4       0xb4 zephyr/subsys/bluetooth/host/libsubsys__bluetooth__host.a(gatt.c.obj)
 .text.sc_indicate_rsp
                0x000000000000fca8       0x74 zephyr/subsys/bluetooth/host/libsubsys__bluetooth__host.a(gatt.c.obj)
 .text.bt_gatt_attr_write_ccc
                0x000000000000fd1c      0x104 zephyr/subsys/bluetooth/host/libsubsys__bluetooth__host.a(gatt.c.obj)
                0x000000000000fd1c                bt_gatt_attr_write_ccc
 .text.sc_restore_rsp
                0x000000000000fe20       0x80 zephyr/subsys/bluetooth/host/libsubsys__bluetooth__host.a(gatt.c.obj)
 .text.sc_clear
                0x000000000000fea0       0x58 zephyr/subsys/bluetooth/host/libsubsys__bluetooth__host.a(gatt.c.obj)
 .text.disconnected_cb
                0x000000000000fef8       0xd0 zephyr/subsys/bluetooth/host/libsubsys__bluetooth__host.a(gatt.c.obj)
 .text.sc_save  0x000000000000ffc8       0xd4 zephyr/subsys/bluetooth/host/libsubsys__bluetooth__host.a(gatt.c.obj)
 .text.sc_ccc_cfg_write
                0x000000000001009c       0x20 zephyr/subsys/bluetooth/host/libsubsys__bluetooth__host.a(gatt.c.obj)
 .text.cf_write
                0x00000000000100bc       0xd0 zephyr/subsys/bluetooth/host/libsubsys__bluetooth__host.a(gatt.c.obj)
 .text.bt_gatt_init
                0x000000000001018c       0xec zephyr/subsys/bluetooth/host/libsubsys__bluetooth__host.a(gatt.c.obj)
                0x000000000001018c                bt_gatt_init
 .text.bt_gatt_attr_value_handle
                0x0000000000010278       0x44 zephyr/subsys/bluetooth/host/libsubsys__bluetooth__host.a(gatt.c.obj)
                0x0000000000010278                bt_gatt_attr_value_handle
 .text.bt_gatt_attr_read_chrc
                0x00000000000102bc       0x7c zephyr/subsys/bluetooth/host/libsubsys__bluetooth__host.a(gatt.c.obj)
                0x00000000000102bc                bt_gatt_attr_read_chrc
 .text.bt_gatt_foreach_attr_type
                0x0000000000010338      0x124 zephyr/subsys/bluetooth/host/libsubsys__bluetooth__host.a(gatt.c.obj)
                0x0000000000010338                bt_gatt_foreach_attr_type
 .text.db_hash_gen
                0x000000000001045c       0x8c zephyr/subsys/bluetooth/host/libsubsys__bluetooth__host.a(gatt.c.obj)
 .text.db_hash_read
                0x00000000000104e8       0x98 zephyr/subsys/bluetooth/host/libsubsys__bluetooth__host.a(gatt.c.obj)
 .text.db_hash_process
                0x0000000000010580       0x1c zephyr/subsys/bluetooth/host/libsubsys__bluetooth__host.a(gatt.c.obj)
 .text.bt_gatt_attr_next
                0x000000000001059c       0x40 zephyr/subsys/bluetooth/host/libsubsys__bluetooth__host.a(gatt.c.obj)
                0x000000000001059c                bt_gatt_attr_next
 .text.bt_gatt_check_perm
                0x00000000000105dc       0x38 zephyr/subsys/bluetooth/host/libsubsys__bluetooth__host.a(gatt.c.obj)
                0x00000000000105dc                bt_gatt_check_perm
 .text.bt_gatt_is_subscribed
                0x0000000000010614      0x1c4 zephyr/subsys/bluetooth/host/libsubsys__bluetooth__host.a(gatt.c.obj)
                0x0000000000010614                bt_gatt_is_subscribed
 .text.gatt_indicate
                0x00000000000107d8       0xb8 zephyr/subsys/bluetooth/host/libsubsys__bluetooth__host.a(gatt.c.obj)
 .text.bt_gatt_indicate
                0x0000000000010890      0x188 zephyr/subsys/bluetooth/host/libsubsys__bluetooth__host.a(gatt.c.obj)
                0x0000000000010890                bt_gatt_indicate
 .text.sc_process
                0x0000000000010a18       0xb4 zephyr/subsys/bluetooth/host/libsubsys__bluetooth__host.a(gatt.c.obj)
 .text.update_ccc
                0x0000000000010acc      0x128 zephyr/subsys/bluetooth/host/libsubsys__bluetooth__host.a(gatt.c.obj)
 .text.gatt_notify
                0x0000000000010bf4       0x80 zephyr/subsys/bluetooth/host/libsubsys__bluetooth__host.a(gatt.c.obj)
 .text.notify_cb
                0x0000000000010c74      0x12c zephyr/subsys/bluetooth/host/libsubsys__bluetooth__host.a(gatt.c.obj)
 .text.bt_gatt_connected
                0x0000000000010da0       0x2c zephyr/subsys/bluetooth/host/libsubsys__bluetooth__host.a(gatt.c.obj)
                0x0000000000010da0                bt_gatt_connected
 .text.bt_gatt_att_max_mtu_changed
                0x0000000000010dcc       0x2c zephyr/subsys/bluetooth/host/libsubsys__bluetooth__host.a(gatt.c.obj)
                0x0000000000010dcc                bt_gatt_att_max_mtu_changed
 .text.bt_gatt_change_aware
                0x0000000000010df8       0xb4 zephyr/subsys/bluetooth/host/libsubsys__bluetooth__host.a(gatt.c.obj)
                0x0000000000010df8                bt_gatt_change_aware
 .text.bt_gatt_disconnected
                0x0000000000010eac       0x80 zephyr/subsys/bluetooth/host/libsubsys__bluetooth__host.a(gatt.c.obj)
                0x0000000000010eac                bt_gatt_disconnected
 .text.bt_gatt_req_set_mtu
                0x0000000000010f2c        0x4 zephyr/subsys/bluetooth/host/libsubsys__bluetooth__host.a(gatt.c.obj)
                0x0000000000010f2c                bt_gatt_req_set_mtu
 .text.bt_smp_accept
                0x0000000000010f30       0x3c zephyr/subsys/bluetooth/host/libsubsys__bluetooth__host.a(smp_null.c.obj)
 .text.bt_smp_recv
                0x0000000000010f6c       0x58 zephyr/subsys/bluetooth/host/libsubsys__bluetooth__host.a(smp_null.c.obj)
 .text.bt_smp_sign
                0x0000000000010fc4        0x8 zephyr/subsys/bluetooth/host/libsubsys__bluetooth__host.a(smp_null.c.obj)
                0x0000000000010fc4                bt_smp_sign
 .text.bt_smp_init
                0x0000000000010fcc        0x4 zephyr/subsys/bluetooth/host/libsubsys__bluetooth__host.a(smp_null.c.obj)
                0x0000000000010fcc                bt_smp_init
 .text.bt_df_set_adv_cte_tx_enabled
                0x0000000000010fd0       0x90 zephyr/subsys/bluetooth/host/libsubsys__bluetooth__host.a(direction.c.obj)
 .text.le_df_init
                0x0000000000011060       0x30 zephyr/subsys/bluetooth/host/libsubsys__bluetooth__host.a(direction.c.obj)
                0x0000000000011060                le_df_init
 .text.bt_df_set_adv_cte_tx_param
                0x0000000000011090      0x164 zephyr/subsys/bluetooth/host/libsubsys__bluetooth__host.a(direction.c.obj)
                0x0000000000011090                bt_df_set_adv_cte_tx_param
 .text.bt_df_adv_cte_tx_enable
                0x00000000000111f4       0x30 zephyr/subsys/bluetooth/host/libsubsys__bluetooth__host.a(direction.c.obj)
                0x00000000000111f4                bt_df_adv_cte_tx_enable
 .text.mem_init
                0x0000000000011224       0x48 zephyr/subsys/bluetooth/controller/libsubsys__bluetooth__controller.a(mem.c.obj)
                0x0000000000011224                mem_init
 .text.mem_acquire
                0x000000000001126c       0x2c zephyr/subsys/bluetooth/controller/libsubsys__bluetooth__controller.a(mem.c.obj)
                0x000000000001126c                mem_acquire
 .text.mem_release
                0x0000000000011298       0x28 zephyr/subsys/bluetooth/controller/libsubsys__bluetooth__controller.a(mem.c.obj)
                0x0000000000011298                mem_release
 .text.mem_get  0x00000000000112c0        0x8 zephyr/subsys/bluetooth/controller/libsubsys__bluetooth__controller.a(mem.c.obj)
                0x00000000000112c0                mem_get
 .text.mem_index_get
                0x00000000000112c8        0xc zephyr/subsys/bluetooth/controller/libsubsys__bluetooth__controller.a(mem.c.obj)
                0x00000000000112c8                mem_index_get
 .text.mem_rcopy
                0x00000000000112d4       0x1c zephyr/subsys/bluetooth/controller/libsubsys__bluetooth__controller.a(mem.c.obj)
                0x00000000000112d4                mem_rcopy
 .text.mem_nz   0x00000000000112f0       0x18 zephyr/subsys/bluetooth/controller/libsubsys__bluetooth__controller.a(mem.c.obj)
                0x00000000000112f0                mem_nz
 .text.memq_init
                0x0000000000011308        0x8 zephyr/subsys/bluetooth/controller/libsubsys__bluetooth__controller.a(memq.c.obj)
                0x0000000000011308                memq_init
 .text.memq_deinit
                0x0000000000011310       0x14 zephyr/subsys/bluetooth/controller/libsubsys__bluetooth__controller.a(memq.c.obj)
                0x0000000000011310                memq_deinit
 .text.memq_enqueue
                0x0000000000011324       0x14 zephyr/subsys/bluetooth/controller/libsubsys__bluetooth__controller.a(memq.c.obj)
                0x0000000000011324                memq_enqueue
 .text.memq_peek
                0x0000000000011338       0x10 zephyr/subsys/bluetooth/controller/libsubsys__bluetooth__controller.a(memq.c.obj)
                0x0000000000011338                memq_peek
 .text.memq_dequeue
                0x0000000000011348       0x20 zephyr/subsys/bluetooth/controller/libsubsys__bluetooth__controller.a(memq.c.obj)
                0x0000000000011348                memq_dequeue
 .text.mayfly_init
                0x0000000000011368       0x40 zephyr/subsys/bluetooth/controller/libsubsys__bluetooth__controller.a(mayfly.c.obj)
                0x0000000000011368                mayfly_init
 .text.mayfly_enable
                0x00000000000113a8       0x68 zephyr/subsys/bluetooth/controller/libsubsys__bluetooth__controller.a(mayfly.c.obj)
                0x00000000000113a8                mayfly_enable
 .text.mayfly_enqueue
                0x0000000000011410       0xbc zephyr/subsys/bluetooth/controller/libsubsys__bluetooth__controller.a(mayfly.c.obj)
                0x0000000000011410                mayfly_enqueue
 .text.mayfly_run
                0x00000000000114cc      0x174 zephyr/subsys/bluetooth/controller/libsubsys__bluetooth__controller.a(mayfly.c.obj)
                0x00000000000114cc                mayfly_run
 .text.dbuf_alloc
                0x0000000000011640       0x3c zephyr/subsys/bluetooth/controller/libsubsys__bluetooth__controller.a(dbuf.c.obj)
                0x0000000000011640                dbuf_alloc
 .text.dbuf_latest_get
                0x000000000001167c       0x30 zephyr/subsys/bluetooth/controller/libsubsys__bluetooth__controller.a(dbuf.c.obj)
                0x000000000001167c                dbuf_latest_get
 .text.util_ones_count_get
                0x00000000000116ac       0x28 zephyr/subsys/bluetooth/controller/libsubsys__bluetooth__controller.a(util.c.obj)
                0x00000000000116ac                util_ones_count_get
 .text.util_aa_le32
                0x00000000000116d4      0x14c zephyr/subsys/bluetooth/controller/libsubsys__bluetooth__controller.a(util.c.obj)
                0x00000000000116d4                util_aa_le32
 .text.ticker_dequeue
                0x0000000000011820       0x74 zephyr/subsys/bluetooth/controller/libsubsys__bluetooth__controller.a(ticker.c.obj)
 .text.ticks_to_expire_prep
                0x0000000000011894       0x48 zephyr/subsys/bluetooth/controller/libsubsys__bluetooth__controller.a(ticker.c.obj)
 .text.start_us.constprop.0
                0x00000000000118dc       0xac zephyr/subsys/bluetooth/controller/libsubsys__bluetooth__controller.a(ticker.c.obj)
 .text.ticker_job_list_insert
                0x0000000000011988      0x214 zephyr/subsys/bluetooth/controller/libsubsys__bluetooth__controller.a(ticker.c.obj)
 .text.ticker_worker
                0x0000000000011b9c      0x37c zephyr/subsys/bluetooth/controller/libsubsys__bluetooth__controller.a(ticker.c.obj)
                0x0000000000011b9c                ticker_worker
 .text.ticker_job
                0x0000000000011f18      0xb34 zephyr/subsys/bluetooth/controller/libsubsys__bluetooth__controller.a(ticker.c.obj)
                0x0000000000011f18                ticker_job
 .text.ticker_init
                0x0000000000012a4c       0x64 zephyr/subsys/bluetooth/controller/libsubsys__bluetooth__controller.a(ticker.c.obj)
                0x0000000000012a4c                ticker_init
 .text.ticker_is_initialized
                0x0000000000012ab0       0x18 zephyr/subsys/bluetooth/controller/libsubsys__bluetooth__controller.a(ticker.c.obj)
                0x0000000000012ab0                ticker_is_initialized
 .text.ticker_trigger
                0x0000000000012ac8       0x30 zephyr/subsys/bluetooth/controller/libsubsys__bluetooth__controller.a(ticker.c.obj)
                0x0000000000012ac8                ticker_trigger
 .text.ticker_start
                0x0000000000012af8       0x38 zephyr/subsys/bluetooth/controller/libsubsys__bluetooth__controller.a(ticker.c.obj)
                0x0000000000012af8                ticker_start
 .text.ticker_start_ext
                0x0000000000012b30       0x10 zephyr/subsys/bluetooth/controller/libsubsys__bluetooth__controller.a(ticker.c.obj)
                0x0000000000012b30                ticker_start_ext
 .text.ticker_update_ext
                0x0000000000012b40       0xb0 zephyr/subsys/bluetooth/controller/libsubsys__bluetooth__controller.a(ticker.c.obj)
                0x0000000000012b40                ticker_update_ext
 .text.ticker_update
                0x0000000000012bf0       0x30 zephyr/subsys/bluetooth/controller/libsubsys__bluetooth__controller.a(ticker.c.obj)
                0x0000000000012bf0                ticker_update
 .text.ticker_stop
                0x0000000000012c20       0x84 zephyr/subsys/bluetooth/controller/libsubsys__bluetooth__controller.a(ticker.c.obj)
                0x0000000000012c20                ticker_stop
 .text.ticker_stop_abs
                0x0000000000012ca4       0x88 zephyr/subsys/bluetooth/controller/libsubsys__bluetooth__controller.a(ticker.c.obj)
                0x0000000000012ca4                ticker_stop_abs
 .text.ticker_next_slot_get_ext
                0x0000000000012d2c       0x9c zephyr/subsys/bluetooth/controller/libsubsys__bluetooth__controller.a(ticker.c.obj)
                0x0000000000012d2c                ticker_next_slot_get_ext
 .text.ticker_job_sched
                0x0000000000012dc8       0x30 zephyr/subsys/bluetooth/controller/libsubsys__bluetooth__controller.a(ticker.c.obj)
                0x0000000000012dc8                ticker_job_sched
 .text.ticker_ticks_now_get
                0x0000000000012df8        0x4 zephyr/subsys/bluetooth/controller/libsubsys__bluetooth__controller.a(ticker.c.obj)
                0x0000000000012df8                ticker_ticks_now_get
 .text.ticker_ticks_diff_get
                0x0000000000012dfc        0x8 zephyr/subsys/bluetooth/controller/libsubsys__bluetooth__controller.a(ticker.c.obj)
                0x0000000000012dfc                ticker_ticks_diff_get
 .text.ll_tx_pwr_lvl_get
                0x0000000000012e04       0x40 zephyr/subsys/bluetooth/controller/libsubsys__bluetooth__controller.a(ll_tx_pwr.c.obj)
                0x0000000000012e04                ll_tx_pwr_lvl_get
 .text.ll_tx_pwr_lvl_set
                0x0000000000012e44       0x50 zephyr/subsys/bluetooth/controller/libsubsys__bluetooth__controller.a(ll_tx_pwr.c.obj)
                0x0000000000012e44                ll_tx_pwr_lvl_set
 .text.ll_tx_pwr_get
                0x0000000000012e94       0x14 zephyr/subsys/bluetooth/controller/libsubsys__bluetooth__controller.a(ll_tx_pwr.c.obj)
                0x0000000000012e94                ll_tx_pwr_get
 .text.ll_addr_set
                0x0000000000012ea8       0x40 zephyr/subsys/bluetooth/controller/libsubsys__bluetooth__controller.a(ll_addr.c.obj)
                0x0000000000012ea8                ll_addr_set
 .text.ll_addr_get
                0x0000000000012ee8       0x20 zephyr/subsys/bluetooth/controller/libsubsys__bluetooth__controller.a(ll_addr.c.obj)
                0x0000000000012ee8                ll_addr_get
 .text.ll_addr_read
                0x0000000000012f08       0x28 zephyr/subsys/bluetooth/controller/libsubsys__bluetooth__controller.a(ll_addr.c.obj)
                0x0000000000012f08                ll_addr_read
 .text.perform_lll_reset
                0x0000000000012f30       0xd0 zephyr/subsys/bluetooth/controller/libsubsys__bluetooth__controller.a(ull.c.obj)
 .text.ull_ticker_status_give
                0x0000000000013000        0xc zephyr/subsys/bluetooth/controller/libsubsys__bluetooth__controller.a(ull.c.obj)